AGENT_MEMBER_01 ok=True 125.0s B=  55742 sql=True sv=SV_AD,SV_MEMBER_COHORT,SV_MEMBER_EVENT,SV_MEMBER_FEE,SV_MEMB tab=FACT_MEMBER_FEE,SV_MEMBER_FEE,WIDE_MEMBER_FEE err=["SQL compilation error: error line 21 at position 6\\ninvalid identifier 'FEE.TOTAL_BILLED_AMT'"]
AGENT_MEMBER_02 ok=True  53.8s B=  71967 sql=True sv=SV_MEMBER_EVENT,SV_MEMBER_FEE,SV_MEMBER_MONTHLY,SV_MEMBER_SP tab=DIM_MONTH,FACT_MEMBER_MONTHLY,SV_MEMBER_MONTHLY err=["SQL compilation error: error line 16 at position 2\\ninvalid identifier 'F.PAYMENT_RATE_FEE'"]
AGENT_MEMBER_03 ok=True  57.0s B=  49072 sql=True sv=SV_DEV_ACHIEVEMENT,SV_MEMBER_COHORT,SV_MEMBER_EVENT,SV_MEMBE tab=DIM_DATE,FACT_MEMBER_EVENT,SV_MEMBER_EVENT err=[]
AGENT_MEMBER_04 ok=True  45.9s B=  46164 sql=True sv=SV_DEV_ACHIEVEMENT,SV_MEMBER_COHORT,SV_MEMBER_EVENT,SV_MEMBE tab=DIM_DATE,FACT_MEMBER_EVENT,SV_MEMBER_EVENT err=["SQL compilation error: error line 18 at position 6\\ninvalid identifier 'FME.TOTAL_DEV_CNT'"]
AGENT_MEMBER_05 ok=True  61.0s B=  59418 sql=True sv=SV_DEV_ACHIEVEMENT,SV_MEMBER_COHORT,SV_MEMBER_EVENT,SV_MEMBE tab=DIM_DATE,FACT_MEMBER_EVENT,SV_MEMBER_EVENT err=["SQL compilation error:\\nsyntax error line 13 at position 27 unexpected '연령'.\\nsyntax error line 36 at position 2 unexpected '개발'."]
AGENT_MEMBER_06 ok=True  49.3s B=  81467 sql=True sv=SV_MEMBER_COHORT,SV_MEMBER_EVENT,SV_MEMBER_FEE,SV_MEMBER_MON tab=FACT_MEMBER_COHORT,FACT_MEMBER_EVENT,SV_MEMBER_COHORT err=[]
AGENT_MEMBER_07 ok=True  76.7s B=  53497 sql=True sv=SV_DEV_ACHIEVEMENT,SV_MEMBER_EVENT,SV_MEMBER_FEE tab=FACT_MEMBER_DEV_ACHIEVEMENT,FACT_TARGET_MEMBER_DEV,SV_DEV_ACHIEVEMENT err=["SQL compilation error: error line 17 at position 4\\ninvalid identifier 'TOTAL_GOAL_CNT'"]
AGENT_MEMBER_08 ok=True  51.1s B=  40968 sql=True sv=SV_MEMBER_MONTHLY,SV_MEMBER_SPONSOR_BIZ tab=DIM_CAMPAIGN,DIM_SPONSORSHIP,FACT_MEMBER_SPONSORSHIP_SPAN,SV_MEMBER_SP err=["SQL compilation error:\\nsyntax error line 14 at position 23 unexpected '대표'.\\nsyntax error line 22 at position 2 unexpected '지금'."]
AGENT_MEMBER_09 ok=True 100.6s B=  71019 sql=True sv=SV_SERVICE tab=DIM_DATE,DIM_SERVICE,FACT_MESSAGE_DISPATCH,SV_SERVICE err=["SQL compilation error: error line 28 at position 6\\ninvalid identifier 'FSE.TOTAL_SEND_MEMBERS'"]
AGENT_MEMBER_10 ok=True  30.0s B=  39578 sql=True sv=SV_MEMBER_EVENT,SV_MEMBER_FEE,SV_MEMBER_MONTHLY,SV_MEMBER_SP tab=DIM_MONTH,FACT_MEMBER_MONTHLY,SV_MEMBER_MONTHLY err=[]
AGENT_MEMBER_11 ok=True  40.6s B=  37611 sql=True sv=SV_SERVICE tab=DIM_DATE,FACT_MESSAGE_DISPATCH,SV_SERVICE err=[]
AGENT_MEMBER_12 ok=True  55.8s B=  74068 sql=True sv=SV_EVENT_PARTICIPATION tab=FACT_EVENT_ATTENDANCE,SV_EVENT_PARTICIPATION err=[]
AGENT_MEMBER_13 ok=True  56.4s B=  66007 sql=True sv=SV_MEMBER_EVENT,SV_MEMBER_FEE,SV_MEMBER_MONTHLY,SV_ML_MEMBER tab=ML_MEMBER_RISK_V,SV_ML_MEMBER_RISK err=["SQL compilation error: error line 12 at position 2\\ninvalid identifier 'MODEL_CHURN_MEMBERS'"]
AGENT_MEMBER_14 ok=True  43.7s B=  61572 sql=True sv=SV_ML_ONCE_CONVERSION tab=ML_ONCE_CONVERSION_V,SV_ML_ONCE_CONVERSION err=[]
AGENT_MEMBER_15 ok=True  16.7s B=   1580 sql=False sv= tab=ML_FEE_FORECAST_V err=[]
AGENT_MARKETING_01 ok=True  94.7s B=  51055 sql=True sv=SV_DEV_ACHIEVEMENT,SV_MEMBER_EVENT,SV_MEMBER_FEE tab=FACT_MEMBER_DEV_ACHIEVEMENT,FACT_TARGET_MEMBER_DEV,SV_DEV_ACHIEVEMENT err=["SQL compilation error: error line 16 at position 4\\ninvalid identifier 'TOTAL_GOAL_CNT'"]
AGENT_MARKETING_02 ok=True  65.7s B=  69600 sql=True sv=SV_AD,SV_BUDGET tab=DIM_BUDGET_ITEM,DIM_MONTH,FACT_BUDGET,FACT_BUDGET_YEARLY,SV_BUDGET err=[]
AGENT_MARKETING_03 ok=True  36.5s B=  35292 sql=True sv=SV_AD,SV_BUDGET,SV_MEMBER_EVENT tab=DIM_DATE,SV_AD,WIDE_AD_COMBINED err=[]
AGENT_MARKETING_04 ok=True  65.5s B=  76469 sql=True sv=SV_AD,SV_BUDGET,SV_MEMBER_EVENT tab=DIM_DATE,SV_AD,WIDE_AD_COMBINED err=[]
AGENT_MARKETING_05 ok=True  48.3s B=  40859 sql=True sv=SV_AD,SV_BUDGET,SV_MEMBER_EVENT tab=DIM_DATE,SV_AD,WIDE_AD_COMBINED err=["SQL compilation error:\\nsyntax error line 16 at position 24 unexpected '채널'.\\nsyntax error line 18 at position 21 unexpected '광고'."]
AGENT_MARKETING_06 ok=True  48.7s B=  36118 sql=True sv=SV_AD,SV_BUDGET,SV_MEMBER_EVENT tab=DIM_DATE,SV_AD,WIDE_AD_COMBINED err=[]
AGENT_MARKETING_07 ok=True  64.3s B=  46910 sql=True sv=SV_AD,SV_BUDGET,SV_MEMBER_EVENT tab=DIM_DATE,DIM_MARKETING_CAMPAIGN,SV_AD,WIDE_AD_COMBINED err=["SQL compilation error:\\nsyntax error line 24 at position 22 unexpected '광고'.\\nsyntax error line 25 at position 16 unexpected '총계'."]
AGENT_MARKETING_08 ok=True 118.3s B= 121855 sql=True sv=SV_DEV_ACHIEVEMENT,SV_MEMBER_COHORT,SV_MEMBER_EVENT,SV_MEMBE tab=DIM_CAMPAIGN,DIM_DATE,FACT_MEMBER_EVENT,SV_MEMBER_EVENT err=[]
AGENT_MARKETING_09 ok=True  79.7s B= 103077 sql=True sv=SV_AD,SV_MEMBER_COHORT,SV_MEMBER_EVENT,SV_MEMBER_FEE,SV_MEMB tab=DIM_CAMPAIGN,FACT_MEMBER_COHORT,FACT_MEMBER_EVENT,FACT_MEMBER_FEE,SV_M err=["SQL compilation error: error line 7 at position 2\\ninvalid identifier 'FEE.ACQ_CAMPAIGN_NAME'"]
AGENT_MARKETING_10 ok=True  16.6s B=   1510 sql=False sv= tab= err=[]
AGENT_MARKETING_11 ok=True  62.1s B=  51270 sql=True sv=SV_MEMBER_MONTHLY,SV_MEMBER_SPONSOR_BIZ tab=DIM_CAMPAIGN,DIM_SPONSORSHIP,FACT_MEMBER_SPONSORSHIP_SPAN,SV_MEMBER_SP err=["SQL compilation error:\\nsyntax error line 14 at position 19 unexpected '후원'.\\nsyntax error line 15 at position 32 unexpected '지금'."]
AGENT_EXECUTIVE_01 ok=True  56.7s B=  33652 sql=True sv=SV_AD,SV_BUDGET tab=DIM_BUDGET_ITEM,DIM_MONTH,FACT_BUDGET,FACT_BUDGET_YEARLY,SV_BUDGET err=[]
AGENT_EXECUTIVE_02 ok=True  71.2s B=  76394 sql=True sv=SV_AD,SV_BUDGET,SV_MEMBER_EVENT tab=DIM_DATE,SV_AD,WIDE_AD_COMBINED err=["SQL compilation error: error line 19 at position 2\\ninvalid identifier 'A.CTR'"]
AGENT_EXECUTIVE_03 ok=True  42.8s B=  40059 sql=True sv=SV_MEMBER_EVENT,SV_MEMBER_FEE,SV_MEMBER_MONTHLY,SV_MEMBER_SP tab=DIM_MONTH,FACT_MEMBER_MONTHLY,SV_MEMBER_MONTHLY err=[]
AGENT_EXECUTIVE_04 ok=True  54.1s B=  83676 sql=True sv=SV_SERVICE tab=DIM_DATE,DIM_SERVICE,FACT_MESSAGE_DISPATCH,SV_SERVICE err=["SQL compilation error: error line 30 at position 6\\ninvalid identifier 'FSE.TOTAL_SEND_MEMBERS'"]
AGENT_EXECUTIVE_05 ok=True  47.2s B=  39616 sql=True sv=SV_ML_DVLP_FORECAST tab=ML_DVLP_FORECAST_V,SV_ML_DVLP_FORECAST err=["SQL compilation error: error line 13 at position 2\\ninvalid identifier 'DF.FORECAST_AMT'"]
AGENT_EXECUTIVE_06 ok=True  72.9s B=  71209 sql=True sv=SV_ML_DVLP_FORECAST tab=ML_DVLP_FORECAST_V,SV_ML_DVLP_FORECAST err=["SQL compilation error: error line 15 at position 6\\ninvalid identifier 'DF.FORECAST_AMT'"]
AGENT_EXECUTIVE_07 ok=True  45.8s B=  31338 sql=True sv=SV_ML_LTV_FORECAST,SV_ML_LTV_SCORE tab=ML_LTV_FORECAST_V,SV_ML_LTV_FORECAST err=[]
AGENT_EXECUTIVE_08 ok=True  49.2s B=  31516 sql=True sv=SV_ML_LTV_FORECAST,SV_ML_LTV_SCORE tab=ML_LTV_SCORE_V,SV_ML_LTV_SCORE err=["SQL compilation error: error line 12 at position 2\\ninvalid identifier 'LS.AVG_LTV'"]
AGENT_EXECUTIVE_09 ok=True  35.0s B=  26712 sql=True sv=SV_ML_FEATURE_IMPORTANCE tab=ML_FEATURE_IMPORTANCE_V,SV_ML_FEATURE_IMPORTANCE err=[]
AGENT_EXECUTIVE_10 ok=True  21.2s B=   1654 sql=False sv= tab= err=[]

총 36문항 · 호출성공 36 · SQL생성 33 · 실패 0
