[문서 인벤토리] 실측 11분할문서 · 13미분할문서
  문서                                     유형          조각    파일      총 바이트      감시 B      여유 B
  00_INDEX_이슈원장                          갱신형         18    19    429,626    40,331       629  🟠
  01_세션이력                                append형     83    84  2,078,917    16,485    24,475 ←꼬리
  02_상태상세_대시보드_갱신형                       갱신형          8     9    161,656    28,139    12,821
  03_이슈상세                                갱신형          2     3     50,391    27,796    13,164
  10_진단_원인분석                             갱신형         20    21    383,478    27,121    13,839
  20_현업확인_요청                             증분형         10    11    180,484    30,626    10,334
  30_설계_의사결정                             갱신형         16    17    286,587    27,122    13,838
  50_dbt_파이프라인_미결조치                      증분형         24    25    407,880    24,408    16,552
  90_해소완료_로그                             append형     16    17    368,897    33,826     7,134  🟠 ←꼬리
  99_NEXT_SESSION                        갱신형         35    36    385,176    28,524    12,436
  01_문서분할_규약                             갱신형          3     4     54,175    29,125    11,835
  00_작업지침_세션운영규칙                         갱신형          —     1     31,322    31,322     9,638
  02_파일쓰기_안전규약                           갱신형          —     1     13,392    13,392    27,568
  04_단계종료_게이트                            갱신형          —     1     10,149    10,149    30,811
  03_init_ihcho_스킬_정본                    갱신형          —     1     11,743    11,743    29,217
  03_init_ihcho_스킬_본문                    갱신형          —     1     36,457    36,457     4,503  🟠
  03_init_ihcho_스킬_참조_세션종료               갱신형          —     1      9,988     9,988    30,972
  31_코드군_매핑등재부                           갱신형          —     1     14,891    14,891    26,069
  32_컬럼개명표                               갱신형          —     1     29,036    29,036    11,924
  40_입고대기_원천의존                           갱신형          —     1     24,867    24,867    16,093
  91_사고사례집                               append형      —     1     20,859    20,859    20,101
  92_실측필요_후속작업                           갱신형          —     1      6,632     6,632    34,328
  00_BRIEF                               갱신형          —     1     11,521    11,521    29,439
  11_O누적작업_점검_재현_절차                      갱신형          —     1     30,765    30,765    10,195
  🟠 여유 부족 3건 = 00_INDEX_이슈원장, 90_해소완료_로그, 03_init_ihcho_스킬_본문

[세션 시작 독해 예산] 25,171 자 / 42,843 B  (전 문서군 3,057,243 자)
   · 00_guides/00_작업지침_세션운영규칙.md                    17,534 자
   · 20_issue/00_BRIEF.md                            7,637 자

[stale 대조] 문서 기재 ↔ 실측 (축 = 조각수 · 바이트 · 미분할표기) : 불일치 0건

[분할 분모 대조] 분할 문서가 타 도구 분모에서 「미분할」로 취급되는가 : 위반 0건
  ✅ 조각이 줄길이 분모에 전건 편입 · FLAT 오분류 0 · 조문 문서 0개 없음

✅ stale 0건 · 분할 분모 위반 0건 — 문서 기재와 도구 분모가 실측과 일치한다
