O180-A   원장=O 이력=O 열림=5 후속미등장=5
    · 🟠 jinja_config_gate 축5 를 models 한정으로 좁힐지
    · 🟠 jinja_config_gate 축3 2건 처분
    · 🟠 SILVER_2.CRM_MEMBER_DEV GRANT UPDATE 처분
    · 🟠 --vars 가 무시되는 원인 미규명
    · 🟠 문서50·문서20 유형 재정의 (증분형/혼합형)
O180-B   원장=O 이력=O 열림=6 후속미등장=6
    · 🟠 I2 MUTATES 무플래그 11건 처분
    · 🟠 jinja_config_gate 축5 를 models 한정으로 좁힐지
    · 🟠 jinja_config_gate 축3 2건 처분
    · 🟠 SILVER_2.CRM_MEMBER_DEV GRANT UPDATE 처분
    · 🔴 --vars 가 무시되는 원인 미규명
    · 🟠 doc_coord_gate 에 「줄 내용」 축을 넣을지
O181-A   원장=O 이력=O 열림=1 후속미등장=1
    · 🟠 --vars 원인 — 가설 2개 기각 · 1개로 좁혔다(판별 실험은 사용자 실행 대기)
O181-B   원장=X 이력=O 열림=7 후속미등장=7
    · 🔴 --vars 실험 2개 집행
    · 🟠 열린 문항 잔여 27건 J3 실측
    · 🟠 §E 질문 재발행
    · 🟠 §M-4 질문 분할 발행
    · 🔴 원장 -002 여유 240 B
    · 🟠 sv_code_label_gate 재측정 조건
    · 🔴🔴 GRANT UPDATE 처분 — 승인은 받았으나 집행하지 않았다(전제가 실측으로 기각됐다)
O182-A   원장=O 이력=X 열림=8 후속미등장=8
    · 🔴 dbt 전용 롤 GN_DW_DBT 신설(사용자 지시 · 다음 세션 최우선)
    · 🔴 SV_AD · Agent 문안 정정 — 원천 재편으로 거짓이 된 서술
    · 🟠 VIDEO 캠페인 축 도달률 급락
    · 🟠 원천 신규 컬럼 GOLD 승격 여부
    · 🔴 CRM 신규 3종 배선 설계
    · 🟡 cortex-project.yaml 24행 P66 기재 철회
    · 🟡 ONCE_CONVERSION 잔여
    · 🟠 원장 §1 행·이력 항목 미기록
O183-A   원장=O 이력=O 열림=6 후속미등장=6
    · 🔴 사용자 dbt build
    · 🔴 배포 스크립트 실행
    · 🟠 D5 발송유형 필터
    · 🟡 공45~47·54~57·77~78 비율 지표
    · 🟠 원장 §1 행 · 이력 항목
    · ⚪ 비워 둔 공란
O183-B   원장=X 이력=X 열림=0 후속미등장=0
O183-C   원장=X 이력=X 열림=5 후속미등장=5
    · 🔴 사용자 dbt build
    · 🔴 빌드 후 재측정
    · 🔴 라이브 반영
    · 🟠 WARN 21 확인
    · 🟠 현업 확인 후보
O183-D   원장=X 이력=O 열림=0 후속미등장=0
O184-A   원장=O 이력=O 열림=0 후속미등장=0
O185-A   원장=O 이력=O 열림=0 후속미등장=0
O186-A   원장=O 이력=O 열림=0 후속미등장=0
O187-A   원장=O 이력=O 열림=0 후속미등장=0
O187-B   원장=O 이력=O 열림=0 후속미등장=0
O187-C   원장=O 이력=O 열림=0 후속미등장=0
O187-D   원장=O 이력=O 열림=0 후속미등장=0
O188-A   원장=O 이력=O 열림=0 후속미등장=0
O188-B   원장=X 이력=O 열림=0 후속미등장=0
O188-C   원장=X 이력=X 열림=0 후속미등장=0
O188-D   원장=X 이력=X 열림=8 후속미등장=5
    · B·C
    · A-7
    · A-8
    · A-10
    · A-11
O188-E   원장=X 이력=X 열림=7 후속미등장=6
    · ▣3 재배포 + build → DIM_ORG 223 · FTP 합 348,024/348,000 재조회
    · build 후 05_11 배포 → Agent EXEC·MKT 에 analyst_target_biz 도구 추가(yaml → [0-B]→[0-C]→[2]→[3])
    · 30번 §2 질문 21건 회신
    · Agent invalid identifier 처방 선택(A~D)
    · W3·B2~B12 처분
    · DGT 6월 이전분 재송부
O188-F   원장=X 이력=X 열림=5 후속미등장=5
    · ▣3 재배포 + build → 재조회 확인(행수·새 컬럼 채움률)
    · build 후 05_11 SV_TARGET_BIZ 배포 + Agent 도구
    · 2차-B — 연결 테이블 누락 컬럼 보강(문서32 §3)
    · 새 GOLD 9종 SV 노출 여부 결정
    · O188-E ▣2 3~7행(질문 21 · Agent 처방 · W3/B · DGT · 03·08·09)
O188-G   원장=X 이력=X 열림=8 후속미등장=0
O189-A   원장=O 이력=O 열림=10 후속미등장=0
O189-B   원장=X 이력=O 열림=12 후속미등장=0
O189-C   원장=X 이력=O 열림=11 후속미등장=0
라벨 단위 26 · 결번 []
