O170 집합 = 95 · JU93656 현재 = 61
해소(O170 有 · 현재 無) = 44
  🟢 DIM_DATE.IS_HOLIDAY
  🟢 FACT_EVENT_ATTENDANCE.ABSENT_TIMES
  🟢 FACT_EVENT_ATTENDANCE.CONFIRM_CNT
  🟢 FACT_EVENT_ATTENDANCE.CUM_APPLY_TIMES
  🟢 FACT_EVENT_ATTENDANCE.PARTICIPATION_TIMES
  🟢 FACT_EVENT_ATTENDANCE.SELF_PART_FLAG
  🟢 FACT_EVENT_ATTENDANCE.WAIT_TIMES
  🟢 FACT_MEMBER_EVENT.NEW_EXISTING_FLAG
  🟢 FACT_MEMBER_MONTHLY.ACTIVE_CUM_CNT
  🟢 FACT_MEMBER_MONTHLY.ACTIVE_CUM_MEMBERS
  🟢 FACT_MEMBER_MONTHLY.AMOUNT_BAND1
  🟢 FACT_MEMBER_MONTHLY.AMOUNT_BAND2
  🟢 FACT_MEMBER_MONTHLY.CHURN_CNT
  🟢 FACT_MEMBER_MONTHLY.DECREASE_CNT
  🟢 FACT_MEMBER_MONTHLY.DEV_TYPE
  🟢 FACT_MEMBER_MONTHLY.INCREASE_CNT
  🟢 FACT_MEMBER_MONTHLY.INCREASE_FLAG
  🟢 FACT_MEMBER_MONTHLY.INCREASE_MEMBERS
  🟢 FACT_MEMBER_MONTHLY.JOIN_DATE
  🟢 FACT_MEMBER_MONTHLY.NEW_EXISTING_FLAG
  🟢 FACT_MEMBER_MONTHLY.NEW_FLAG
  🟢 FACT_MEMBER_MONTHLY.PAID_MONTHS
  🟢 FACT_MEMBER_MONTHLY.PERIOD_BAND1
  🟢 FACT_MEMBER_MONTHLY.PERIOD_BAND2
  🟢 FACT_MEMBER_MONTHLY.REDONATE_FLAG
  🟢 FACT_MEMBER_MONTHLY.SPONSOR_MONTHS
  🟢 FACT_MEMBER_MONTHLY.SPONSOR_YEARS
  🟢 FACT_MEMBER_MONTHLY.STATUS_UNPAID_CNT
  🟢 FACT_MEMBER_MONTHLY.STOP_DATE
  🟢 FACT_MEMBER_MONTHLY.UNPAID_CNT
  🟢 FACT_MESSAGE_DISPATCH.D5_GIFT_PART_CNT
  🟢 FACT_MESSAGE_DISPATCH.D5_GIFT_PART_MEMBERS
  🟢 FACT_MESSAGE_DISPATCH.D5_INCREASE_PART_CNT
  🟢 FACT_MESSAGE_DISPATCH.D5_INCREASE_PART_MEMBERS
  🟢 FACT_MESSAGE_DISPATCH.D5_LETTER_PART_CNT
  🟢 FACT_MESSAGE_DISPATCH.D5_LETTER_PART_MEMBERS
  🟢 FACT_MESSAGE_DISPATCH.D5_STOP_CNT
  🟢 FACT_MESSAGE_DISPATCH.D5_STOP_MEMBERS
  🟢 FACT_MESSAGE_DISPATCH.SERVICE_CNT
  🟢 FACT_MESSAGE_DISPATCH.SERVICE_MEMBERS
  🟢 FACT_TARGET_PROJECT.ANNUAL_GOAL_CNT
  🟢 FACT_TARGET_PROJECT.MONTH_KEY
  🟢 FACT_TARGET_PROJECT.ORG_SK
  🟢 FACT_TARGET_PROJECT.SPONSORSHIP_SK
신규(현재 有 · O170 無) = 10
  🔴 DIM_EVENT.ENTRPS_CD [전건0]
  🔴 DIM_MSG_TEMPLATE.ALTRTV_MSG_ATCHFL_ID [전건NULL]
  🔴 FACT_AD_BROADCAST_CASE.AD_PERF_DK [0행]
  🔴 FACT_AD_BROADCAST_CASE.APPEAL_POINT [0행]
  🔴 FACT_AD_BROADCAST_CASE.BIZ_DIV [0행]
  🔴 FACT_AD_BROADCAST_CASE.CASE_DIV [0행]
  🔴 FACT_AD_BROADCAST_CASE.CASE_SEQ [0행]
  🔴 FACT_AD_BROADCAST_CASE.FAMILY_TYPE [0행]
  🔴 FACT_AD_DIGITAL.GROUP_DIV [전건NULL]
  🔴 FACT_RELATION_CHANGE.CHG_RST_CD [전건NULL]
SV 노출 후보(컬럼명 토큰이 SV DDL 에 등장) = 18
  ⚠ DIM_CAMPAIGN.ORG_SK [전건0] ← SV_DEV_ACHIEVEMENT,SV_MEMBER_COHORT,SV_MEMBER_EVENT
  ⚠ FACT_AD_BROADCAST_CASE.AD_PERF_DK [0행] ← SV_AD
  ⚠ FACT_AD_DIGITAL.CRM_DEV_CNT [전건NULL] ← SV_AD
  ⚠ FACT_AD_DIGITAL.MEDIA_POTENTIAL_CUST_CNT [전건NULL] ← SV_AD
  ⚠ FACT_AD_PERFORMANCE.CAMPAIGN_SK [전건0] ← SV_MEMBER_COHORT,SV_MEMBER_EVENT,SV_MEMBER_FEE,SV_MEMBER_SPONSOR_BIZ
  ⚠ FACT_BIGQUERY_BEHAVIOR.CAMPAIGN_SK [전건0] ← SV_MEMBER_COHORT,SV_MEMBER_EVENT,SV_MEMBER_FEE,SV_MEMBER_SPONSOR_BIZ
  ⚠ FACT_BUDGET.AD_COST [전건NULL] ← SV_AD
  ⚠ FACT_BUDGET.CAMPAIGN_SK [전건0] ← SV_MEMBER_COHORT,SV_MEMBER_EVENT,SV_MEMBER_FEE,SV_MEMBER_SPONSOR_BIZ
  ⚠ FACT_BUDGET.ORG_SK [전건0] ← SV_DEV_ACHIEVEMENT,SV_MEMBER_COHORT,SV_MEMBER_EVENT
  ⚠ FACT_BUDGET.SPONSORSHIP_SK [전건NULL] ← SV_MEMBER_COHORT,SV_MEMBER_EVENT,SV_MEMBER_SPONSOR_BIZ
  ⚠ FACT_BUDGET_YEARLY.CAMPAIGN_SK [전건0] ← SV_MEMBER_COHORT,SV_MEMBER_EVENT,SV_MEMBER_FEE,SV_MEMBER_SPONSOR_BIZ
  ⚠ FACT_BUDGET_YEARLY.ORG_SK [전건0] ← SV_DEV_ACHIEVEMENT,SV_MEMBER_COHORT,SV_MEMBER_EVENT
  ⚠ FACT_BUDGET_YEARLY.SPONSORSHIP_SK [전건NULL] ← SV_MEMBER_COHORT,SV_MEMBER_EVENT,SV_MEMBER_SPONSOR_BIZ
  ⚠ FACT_EVENT_ATTENDANCE.CAMPAIGN_SK [전건0] ← SV_MEMBER_COHORT,SV_MEMBER_EVENT,SV_MEMBER_FEE,SV_MEMBER_SPONSOR_BIZ
  ⚠ FACT_EVENT_ATTENDANCE.SPONSORSHIP_SK [전건0] ← SV_MEMBER_COHORT,SV_MEMBER_EVENT,SV_MEMBER_SPONSOR_BIZ
  ⚠ FACT_MEMBER_MONTHLY.CAMPAIGN_SK [전건0] ← SV_MEMBER_COHORT,SV_MEMBER_EVENT,SV_MEMBER_FEE,SV_MEMBER_SPONSOR_BIZ
  ⚠ FACT_MESSAGE_DISPATCH.CAMPAIGN_SK [전건0] ← SV_MEMBER_COHORT,SV_MEMBER_EVENT,SV_MEMBER_FEE,SV_MEMBER_SPONSOR_BIZ
  ⚠ FACT_TARGET_PROJECT.CAMPAIGN_SK [전건0] ← SV_MEMBER_COHORT,SV_MEMBER_EVENT,SV_MEMBER_FEE,SV_MEMBER_SPONSOR_BIZ
