O180-A/B         jinja_config_gate 축5·축3                  토큰=jinja_config_gate    후속문서 3 00_INDEX_이슈원장-003.md,50_dbt_파이프라인_미결조치-024.md,99_NEXT_SESSION-O0190-A.md
O180-A/B·O181    --vars 무시 원인                             토큰=--vars               후속문서 4 00_INDEX_이슈원장-003.md,50_dbt_파이프라인_미결조치-024.md,99_NEXT_SESSION-O0190-D.md
O180-A/B·O181-B  SILVER_2.CRM_MEMBER_DEV GRANT UPDATE     토큰=GRANT UPDATE         후속문서 1 50_dbt_파이프라인_미결조치-024.md
O180-A           문서50·문서20 유형 재정의(증분형)                    토큰=증분형                  후속문서 5 00_INDEX_이슈원장-002.md,00_INDEX_이슈원장-003.md,20_현업확인_요청-010.md
O180-B           I2 MUTATES 무플래그                          토큰=MUTATES              후속문서 3 00_INDEX_이슈원장-003.md,99_NEXT_SESSION-O0193-C.md,99_NEXT_SESSION-O0195-A.md
O180-B           doc_coord_gate 줄 내용 축                    토큰=줄 내용                 후속문서 0 
O181-B           열린 문항 잔여 J3 실측 · §E·§M-4 질문 발행           토큰=§M-4                 후속문서 2 20_현업확인_요청-005.md,20_현업확인_요청-010.md
O181-B           sv_code_label_gate 재측정                   토큰=sv_code_label_gate   후속문서 5 00_INDEX_이슈원장-003.md,99_NEXT_SESSION-O0191-B.md,99_NEXT_SESSION-O0191-E.md
O182-A           dbt 전용 롤 GN_DW_DBT                       토큰=GN_DW_DBT            후속문서 11 00_INDEX_이슈원장-003.md,99_NEXT_SESSION-O0190-A.md,99_NEXT_SESSION-O0190-C.md
O182-A           VIDEO 캠페인 축 도달률 급락                       토큰=VIDEO 캠페인            후속문서 0 
O182-A           CRM 신규 3종 배선                             토큰=신규 3종                후속문서 0 
O182-A           cortex-project.yaml P66 철회               토큰=P66                  후속문서 0 
O183-A           D5 발송유형 필터(DEC-33 ①)                     토큰=DEC-33               후속문서 5 00_INDEX_이슈원장-003.md,00_선택표.md,20_현업확인_요청-004.md
O183-A           공45~47·54~57·77~78 비율 지표                 토큰=공45                  후속문서 0 
O183-C           WARN 21 확인                               토큰=WARN 2               후속문서 7 00_INDEX_이슈원장-003.md,00_선택표.md,50_dbt_파이프라인_미결조치-024.md
O188-D           A-7·A-8·A-10·A-11                        토큰=A-10                 후속문서 0 
O188-E           30번 §2 질문 21건                            토큰=질문 21                후속문서 1 00_INDEX_이슈원장-003.md
O188-E           W3·B2~B12 처분                             토큰=W3                   후속문서 7 00_INDEX_이슈원장-003.md,00_선택표.md,50_dbt_파이프라인_미결조치-024.md
O188-E           DGT 6월 이전분 재송부                           토큰=DGT                  후속문서 14 00_INDEX_이슈원장-003.md,20_현업확인_요청-001.md,20_현업확인_요청-008.md
O188-F           2차-B 연결 테이블 누락 컬럼                        토큰=2차-B                 후속문서 19 00_INDEX_이슈원장-003.md,99_NEXT_SESSION-O0190-A.md,99_NEXT_SESSION-O0190-B.md
O188-F           새 GOLD 9종 SV 노출 여부                       토큰=GOLD 9종              후속문서 2 00_INDEX_이슈원장-003.md,50_dbt_파이프라인_미결조치-024.md
라이브(JU93656) = GN_DW_DBT 롤 1 · DIM_ORG 실재 1 · DIM_ORG 행 1315 · SV_TARGET_BIZ 1 · SILVER_2 스키마 0
