전수 507 {'도달불가': 45, '원천부재': 10, '조립가능': 236, '요구grain부정합': 1, '판정불가(SV파생)': 92, '값없음': 82, '판정불가': 8, '배분규칙필요': 18, 'grain부정합': 6, '집계필요': 3, '형제팩트중복': 4, '타원천': 2}
CSV: /workspace/30_output_share/09_보고서필드_조립가능성.csv
  마케팅 | 1. 개발현황 (목표, 실적)                             총  13 · 문제  11 · {'도달불가': 2, '원천부재': 2, '조립가능': 2, '요구grain부정합': 1, '판정불가(SV파생)': 6}
  마케팅 | 2. 집행예산 및 개발효율                               총  13 · 문제   8 · {'원천부재': 2, '조립가능': 5, '판정불가(SV파생)': 5, '값없음': 1}
  마케팅 | 3. 매체별 개발효율 상세                               총  23 · 문제  17 · {'원천부재': 2, '조립가능': 6, '값없음': 2, '도달불가': 9, '판정불가': 4}
  마케팅 | 4. 전환회원 특성                                   총  12 · 문제   5 · {'원천부재': 2, '조립가능': 7, '배분규칙필요': 2, '값없음': 1}
  마케팅 | 5. 캠페인별 LTV (신규)                             총  12 · 문제   6 · {'원천부재': 2, '조립가능': 6, '배분규칙필요': 4}
  회원 | 1-1. [회원] 개발실적보고 (일일) · CRM 필드               총  17 · 문제   8 · {'도달불가': 1, 'grain부정합': 1, '판정불가(SV파생)': 5, '값없음': 1, '조립가능': 9}
  회원 | 1-1. [회원] 개발실적보고 (일일) · GA 필드                총  10 · 문제  10 · {'값없음': 8, '판정불가(SV파생)': 2}
  회원 | 1-2. [회원] 개발실적보고 (주간) · CRM 필드               총  19 · 문제  18 · {'도달불가': 6, '조립가능': 1, '판정불가(SV파생)': 10, '값없음': 1, 'grain부정합': 1}
  회원 | 1-2. [회원] 개발실적보고 (주간) · GA 필드                총   2 · 문제   2 · {'값없음': 2}
  회원 | 1-3. [회원] 개발실적보고 (월간) · CRM 필드               총  33 · 문제  15 · {'조립가능': 18, 'grain부정합': 1, '판정불가(SV파생)': 12, '값없음': 2}
  회원 | 1-3. [회원] 개발실적보고 (월간) · GA 필드                총   5 · 문제   5 · {'값없음': 5}
  회원 | 2-1. [회원] 주간 중단보고                            총  33 · 문제  10 · {'조립가능': 23, '판정불가(SV파생)': 8, '값없음': 1, '배분규칙필요': 1}
  회원 | 2-2. [회원] 월간 중단보고                            총  37 · 문제  20 · {'조립가능': 17, '판정불가(SV파생)': 16, '집계필요': 3, '형제팩트중복': 1}
  회원 | 2-3. [회원] 연간분석 (개발/활동) 분석 *월간기준              총  27 · 문제  14 · {'값없음': 2, '조립가능': 13, '형제팩트중복': 1, '판정불가(SV파생)': 11}
  회원 | 2-4. [회원] 연간분석 (회비) 분석 *월간기준                 총  20 · 문제   9 · {'판정불가(SV파생)': 5, '형제팩트중복': 2, '조립가능': 11, '값없음': 2}
  회원 | 3-1. [회원] 서비스효과성분석보고 (알림톡/이메일) *일일기준 · CRM 필 총  31 · 문제  14 · {'조립가능': 17, '판정불가(SV파생)': 2, '판정불가': 1, '값없음': 6, 'grain부정합': 2, '배분규칙필요': 3}
  회원 | 3-1. [회원] 서비스효과성분석보고 (알림톡/이메일) *일일기준 · GA 필드 총   4 · 문제   3 · {'값없음': 3, '조립가능': 1}
  회원 | 3-2. [회원] 증액마케팅보고 *월간기준 · CRM 필드             총  25 · 문제   9 · {'조립가능': 16, '판정불가(SV파생)': 4, '배분규칙필요': 4, 'grain부정합': 1}
  회원 | 3-2. [회원] 증액마케팅보고 *월간기준 · GA 필드              총  19 · 문제  15 · {'도달불가': 3, '값없음': 12, '조립가능': 4}
  회원 | 3-3. [회원] 개발메일결과보고 *일간기준 · CRM 필드            총  21 · 문제   8 · {'조립가능': 13, '판정불가(SV파생)': 4, '배분규칙필요': 3, '값없음': 1}
  회원 | 3-3. [회원] 개발메일결과보고 *일간기준 · GA 필드             총   7 · 문제   5 · {'값없음': 2, '조립가능': 2, '도달불가': 3}
  회원 | 3-4. [회원] 미납중단안내서비스보고 *일간기준 · CRM 필드         총  13 · 문제   3 · {'조립가능': 10, '판정불가(SV파생)': 2, '배분규칙필요': 1}
  회원 | 3-4. [회원] 미납중단안내서비스보고 *일간기준 · GA 필드          총   4 · 문제   4 · {'값없음': 4}
  회원 | 3-5. [회원] 참여콘텐츠분석보고 (온라인이벤트) *일간기준 · CRM 필드  총  32 · 문제   4 · {'판정불가': 2, '조립가능': 28, '값없음': 1, '도달불가': 1}
  회원 | 3-5. [회원] 참여콘텐츠분석보고 (온라인이벤트) *일간기준 · GA 필드   총  11 · 문제   9 · {'값없음': 6, '조립가능': 2, '도달불가': 3}
  회원 | 3-6. [회원] 참여콘텐츠분석보고 (문화이벤트) *일간기준 · CRM 필드   총  28 · 문제   5 · {'조립가능': 23, '판정불가': 1, '값없음': 4}
  회원 | 3-6. [회원] 참여콘텐츠분석보고 (문화이벤트) *일간기준 · GA 필드    총  16 · 문제  14 · {'값없음': 11, '조립가능': 2, '도달불가': 3}
  회원 | 3-7. [회원] 앱참여수치분석보고 *월간기준 · 우측 GA 필드         총   5 · 문제   5 · {'도달불가': 3, '값없음': 2}
  회원 | 3-7. [회원] 앱참여수치분석보고 *월간기준 · 좌측 컬럼 (CRM/GA/어드 총  15 · 문제  15 · {'도달불가': 11, '값없음': 2, '타원천': 2}
BANNER: /workspace/30_output_share/09_섹션배너.json 29 섹션
MD : /workspace/30_output_share/09_보고서필드_조립가능성.md
