pairs 24
('Q13', 'AGENT_MARKETING', 'ok')
('Q14', 'AGENT_MARKETING', 'ok')
('Q15', 'AGENT_MARKETING', 'ok')
('Q16', 'AGENT_MARKETING', 'ok')
('Q17', 'AGENT_MARKETING', 'ok')
('Q18', 'AGENT_MARKETING', 'ok')
('Q19', 'AGENT_MARKETING', 'ok')
('Q20', 'AGENT_MARKETING', 'ok')
('Q21', 'AGENT_MARKETING', 'ok')
('Q22', 'AGENT_MARKETING', 'ok')
('Q23', 'AGENT_MARKETING', 'ok')
('Q24', 'AGENT_MARKETING', 'ok')
('Q25', 'AGENT_MARKETING', 'ok')
('Q26', 'AGENT_MARKETING', 'ok')
('Q27', 'AGENT_MARKETING', 'ok')
('Q28', 'AGENT_MARKETING', 'ok')
('Q29', 'AGENT_MARKETING', 'ok')
('Q30', 'AGENT_MARKETING', 'ok')
('Q31', 'AGENT_MARKETING', 'ok')
('Q32', 'AGENT_MARKETING', 'ok')
('Q33', 'AGENT_MARKETING', 'ok')
('D4', 'AGENT_MARKETING', 'ok')
('X2', 'AGENT_MARKETING', 'ok')
('M3', 'AGENT_MARKETING', 'ok')
