AGENT_MEMBER_01 ok=True  21.7s B=  47336 sql=True sv=SV_DEV_ACHIEVEMENT,SV_MEMBER_COHORT,SV_MEMBER_EVENT,SV_MEMBE tab=DIM_DATE,DIM_MEMBER_ACQUISITION,DIM_ORG,FACT_MEMBER_EVENT,SV_MEMBER_EV err=[]
AGENT_MEMBER_02 ok=True  37.8s B=  68704 sql=True sv=SV_DEV_ACHIEVEMENT,SV_MEMBER_COHORT,SV_MEMBER_EVENT,SV_MEMBE tab=DIM_DATE,DIM_MEMBER_ACQUISITION,FACT_MEMBER_EVENT,SV_MEMBER_EVENT err=[]
AGENT_MEMBER_03 ok=True  29.0s B=  54463 sql=True sv=SV_DEV_ACHIEVEMENT,SV_MEMBER_COHORT,SV_MEMBER_EVENT,SV_MEMBE tab=DIM_DATE,DIM_MEMBER_ACQUISITION,DIM_ORG,FACT_MEMBER_EVENT,SV_MEMBER_EV err=[]
AGENT_MEMBER_04 ok=True  86.2s B=  92639 sql=True sv=SV_AD,SV_MEMBER_COHORT,SV_MEMBER_EVENT,SV_MEMBER_FEE,SV_MEMB tab=FACT_MEMBER_FEE,SV_MEMBER_FEE,WIDE_MEMBER_FEE err=[]
AGENT_MEMBER_05 ok=True  36.9s B=  40920 sql=True sv=SV_MEMBER_EVENT,SV_MEMBER_FEE,SV_MEMBER_MONTHLY,SV_MEMBER_SP tab=DIM_MONTH,FACT_MEMBER_MONTHLY,SV_MEMBER_MONTHLY err=[]
AGENT_MEMBER_06 ok=True  41.1s B=  79830 sql=True sv=SV_DEV_ACHIEVEMENT,SV_MEMBER_COHORT,SV_MEMBER_EVENT,SV_MEMBE tab=DIM_DATE,DIM_MEMBER_ACQUISITION,FACT_MEMBER_EVENT,SV_MEMBER_EVENT err=[]
AGENT_MEMBER_07 ok=True  33.8s B=  48897 sql=True sv=SV_DEV_ACHIEVEMENT,SV_MEMBER_COHORT,SV_MEMBER_EVENT,SV_MEMBE tab=DIM_DATE,DIM_MEMBER_ACQUISITION,FACT_MEMBER_EVENT,SV_MEMBER_EVENT err=[]
AGENT_MEMBER_08 ok=True  58.0s B=  86048 sql=True sv=SV_DEV_ACHIEVEMENT,SV_MEMBER_COHORT,SV_MEMBER_EVENT,SV_MEMBE tab=DIM_DATE,DIM_MEMBER_ACQUISITION,FACT_MEMBER_EVENT,SV_MEMBER_EVENT err=[]
AGENT_MEMBER_09 ok=True  29.7s B=  41782 sql=True sv=SV_MEMBER_COHORT,SV_MEMBER_EVENT,SV_MEMBER_FEE,SV_MEMBER_MON tab=FACT_MEMBER_COHORT,FACT_MEMBER_EVENT,SV_MEMBER_COHORT err=[]
AGENT_MEMBER_10 ok=True  62.6s B= 147675 sql=True sv=SV_DEV_ACHIEVEMENT,SV_MEMBER_EVENT,SV_MEMBER_FEE tab=FACT_MEMBER_DEV_ACHIEVEMENT,FACT_TARGET_MEMBER_DEV,SV_DEV_ACHIEVEMENT err=[]
AGENT_MEMBER_11 ok=True  28.8s B=  33875 sql=True sv=SV_MEMBER_MONTHLY,SV_MEMBER_SPONSOR_BIZ tab=DIM_CAMPAIGN,DIM_SPONSORSHIP,FACT_MEMBER_SPONSORSHIP_SPAN,SV_MEMBER_SP err=[]
AGENT_MEMBER_12 ok=True  45.0s B=  46229 sql=True sv=SV_SERVICE tab=DIM_DATE,DIM_SERVICE,FACT_MESSAGE_DISPATCH,SV_SERVICE err=[]
AGENT_MEMBER_13 ok=True  26.0s B=  38203 sql=True sv=SV_MEMBER_EVENT,SV_MEMBER_FEE,SV_MEMBER_MONTHLY,SV_MEMBER_SP tab=DIM_MONTH,FACT_MEMBER_MONTHLY,SV_MEMBER_MONTHLY err=[]
AGENT_MEMBER_14 ok=True  33.3s B=  41624 sql=True sv=SV_SERVICE tab=DIM_DATE,FACT_MESSAGE_DISPATCH,SV_SERVICE err=[]
AGENT_MEMBER_15 ok=True  44.5s B=  79533 sql=True sv=SV_EVENT_PARTICIPATION tab=FACT_EVENT_ATTENDANCE,SV_EVENT_PARTICIPATION err=[]
AGENT_MEMBER_16 ok=True  42.3s B=  33407 sql=True sv=SV_MEMBER_EVENT,SV_MEMBER_FEE,SV_MEMBER_MONTHLY,SV_ML_MEMBER tab=ML_MEMBER_RISK_V,SV_ML_MEMBER_RISK err=["SQL compilation error: error line 16 at position 2\\ninvalid identifier 'MR.MODEL_CHURN_MEMBERS'"]
AGENT_MEMBER_17 ok=True  28.3s B=  29793 sql=True sv=SV_ML_ONCE_CONVERSION tab=ML_ONCE_CONVERSION_V,SV_ML_ONCE_CONVERSION err=[]
AGENT_MEMBER_18 ok=True  20.2s B=   1824 sql=False sv= tab=FACT_MEMBER_FEE,FACT_MEMBER_MONTHLY err=[]
AGENT_MARKETING_01 ok=True  39.5s B= 107074 sql=True sv=SV_DEV_ACHIEVEMENT,SV_MEMBER_EVENT,SV_MEMBER_FEE tab=FACT_MEMBER_DEV_ACHIEVEMENT,FACT_TARGET_MEMBER_DEV,SV_DEV_ACHIEVEMENT err=[]
AGENT_MARKETING_02 ok=True  49.1s B=  68407 sql=True sv=SV_AD,SV_BUDGET tab=DIM_BUDGET_ITEM,FACT_BUDGET,FACT_BUDGET_YEARLY,SV_BUDGET err=[]
AGENT_MARKETING_03 ok=True  36.6s B=  39048 sql=True sv=SV_AD,SV_BUDGET,SV_MEMBER_EVENT tab=DIM_DATE,SV_AD,WIDE_AD_COMBINED err=[]
AGENT_MARKETING_04 ok=True  49.5s B=  75019 sql=True sv=SV_AD,SV_BUDGET,SV_MEMBER_EVENT tab=DIM_DATE,SV_AD,WIDE_AD_COMBINED err=[]
AGENT_MARKETING_05 ok=True  30.3s B=  43262 sql=True sv=SV_AD,SV_BUDGET,SV_MEMBER_EVENT tab=DIM_DATE,SV_AD,WIDE_AD_COMBINED err=[]
AGENT_MARKETING_06 ok=True  28.6s B=  35189 sql=True sv=SV_AD,SV_BUDGET,SV_MEMBER_EVENT tab=SV_AD,WIDE_AD_COMBINED err=[]
AGENT_MARKETING_07 ok=True  48.7s B=  73428 sql=True sv=SV_AD,SV_BUDGET,SV_MEMBER_EVENT tab=DIM_DATE,DIM_MARKETING_CAMPAIGN,SV_AD,WIDE_AD_COMBINED err=[]
AGENT_MARKETING_08 ok=True  64.5s B=  67507 sql=True sv=SV_DEV_ACHIEVEMENT,SV_MEMBER_COHORT,SV_MEMBER_EVENT,SV_MEMBE tab=DIM_CAMPAIGN,DIM_DATE,DIM_MEMBER_ACQUISITION,FACT_MEMBER_EVENT,SV_MEMB err=[]
AGENT_MARKETING_09 ok=True  46.2s B=  71065 sql=True sv=SV_AD,SV_MEMBER_COHORT,SV_MEMBER_EVENT,SV_MEMBER_FEE,SV_MEMB tab=DIM_CAMPAIGN,FACT_MEMBER_COHORT,FACT_MEMBER_EVENT,FACT_MEMBER_FEE,SV_M err=[]
AGENT_MARKETING_10 ok=True  16.5s B=   1573 sql=False sv= tab= err=[]
AGENT_MARKETING_11 ok=True  41.1s B=  99757 sql=True sv=SV_MEMBER_MONTHLY,SV_MEMBER_SPONSOR_BIZ tab=DIM_CAMPAIGN,DIM_SPONSORSHIP,FACT_MEMBER_SPONSORSHIP_SPAN,SV_MEMBER_SP err=[]
AGENT_EXECUTIVE_01 ok=True  52.9s B=  33591 sql=True sv=SV_AD,SV_BUDGET tab=DIM_BUDGET_ITEM,DIM_MONTH,FACT_BUDGET,FACT_BUDGET_YEARLY,SV_BUDGET err=[]
AGENT_EXECUTIVE_02 ok=True  50.6s B=  53090 sql=True sv=SV_AD,SV_BUDGET,SV_MEMBER_EVENT tab=DIM_DATE,SV_AD,WIDE_AD_COMBINED err=[]
AGENT_EXECUTIVE_03 ok=True  44.2s B=  40184 sql=True sv=SV_MEMBER_EVENT,SV_MEMBER_FEE,SV_MEMBER_MONTHLY,SV_MEMBER_SP tab=DIM_MONTH,FACT_MEMBER_MONTHLY,SV_MEMBER_MONTHLY err=[]
AGENT_EXECUTIVE_04 ok=True  30.8s B=  48349 sql=True sv=SV_SERVICE tab=DIM_DATE,DIM_SERVICE,FACT_MESSAGE_DISPATCH,SV_SERVICE err=[]
AGENT_EXECUTIVE_05 ok=True  24.8s B=  35075 sql=True sv=SV_ML_DVLP_FORECAST tab=ML_DVLP_FORECAST_V,SV_ML_DVLP_FORECAST err=[]
AGENT_EXECUTIVE_06 ok=True  27.7s B=  27125 sql=True sv=SV_ML_DVLP_FORECAST tab=ML_DVLP_FORECAST_V,SV_ML_DVLP_FORECAST err=[]
AGENT_EXECUTIVE_07 ok=True  24.6s B=  25073 sql=True sv=SV_ML_LTV_FORECAST,SV_ML_LTV_SCORE tab=ML_LTV_SCORE_V,SV_ML_LTV_SCORE err=[]
AGENT_EXECUTIVE_08 ok=True  23.2s B=  25254 sql=True sv=SV_ML_LTV_FORECAST,SV_ML_LTV_SCORE tab=ML_LTV_SCORE_V,SV_ML_LTV_SCORE err=[]
AGENT_EXECUTIVE_09 ok=True  32.2s B=  26381 sql=True sv=SV_ML_FEATURE_IMPORTANCE tab=ML_FEATURE_IMPORTANCE_V,SV_ML_FEATURE_IMPORTANCE err=[]
AGENT_EXECUTIVE_10 ok=True  17.7s B=   1646 sql=False sv= tab= err=[]

총 39문항 · 호출성공 39 · SQL생성 36 · 실패 0
  🔴 중간 오류 AGENT_MEMBER_16: SQL compilation error: error line 16 at position 2\ninvalid identifier 'MR.MODEL_CHURN_MEMBERS'
① 최종 응답 실패 0 ⇒ 🟢 · ② 중간 오류 1 (기준선 2 이하) ⇒ 🟢 ⇒ 🟢 PASS
