GOLD.DIM_AD_CREATIVE: rows=9696 cols=13
GOLD.DIM_BIGQUERY_EVENT: rows=41762 cols=8
GOLD.DIM_BIGQUERY_SOURCE: rows=533 cols=11
GOLD.DIM_BIZ_PLACE: rows=378 cols=19
GOLD.DIM_BUDGET_ITEM: rows=180 cols=7
GOLD.DIM_CAMPAIGN: rows=36769 cols=37
GOLD.DIM_CHILD: rows=508051 cols=19
GOLD.DIM_CODE_GROUP: rows=339 cols=11
GOLD.DIM_DATE: rows=73415 cols=14
GOLD.DIM_DEVICE: rows=4 cols=7
GOLD.DIM_EVENT: rows=3937 cols=26
GOLD.DIM_MARKETING_CAMPAIGN: rows=591 cols=9
GOLD.DIM_MEMBER: rows=1785299 cols=29
GOLD.DIM_MEMBER_ACQUISITION: rows=1606871 cols=37
GOLD.DIM_MEMBER_IDENTITY: rows=1785300 cols=11
GOLD.DIM_MEMBER_STATUS_HISTORY: rows=8069279 cols=30
GOLD.DIM_MONTH: rows=2413 cols=8
GOLD.DIM_MSG_TEMPLATE: rows=7011 cols=28
GOLD.DIM_MSG_TEMPLATE_BUTTON: rows=5644 cols=14
GOLD.DIM_ORG: rows=1315 cols=20
GOLD.DIM_PAYMENT: rows=7 cols=8
GOLD.DIM_PAYMENT_ACCOUNT: rows=288 cols=18
GOLD.DIM_REASON: rows=5885 cols=8
GOLD.DIM_SEND_TYPE: rows=70 cols=12
GOLD.DIM_SERVICE: rows=11 cols=7
GOLD.DIM_SPONSORSHIP: rows=51 cols=14
GOLD.FACT_AD_BROADCAST: rows=50096 cols=26
GOLD.FACT_AD_BROADCAST_CASE: rows=0 cols=10
GOLD.FACT_AD_DIGITAL: rows=221079 cols=20
GOLD.FACT_AD_PERFORMANCE: rows=271175 cols=22
GOLD.FACT_BIGQUERY_BEHAVIOR: rows=1398512 cols=25
GOLD.FACT_BUDGET: rows=1332 cols=17
GOLD.FACT_BUDGET_YEARLY: rows=111 cols=14
GOLD.FACT_EVENT_ATTENDANCE: rows=1248727 cols=44
GOLD.FACT_MEMBER_COHORT: rows=1606871 cols=47
GOLD.FACT_MEMBER_DEV_ACHIEVEMENT: rows=29442 cols=23
GOLD.FACT_MEMBER_EVENT: rows=4716088 cols=57
GOLD.FACT_MEMBER_FEE: rows=41810782 cols=20
GOLD.FACT_MEMBER_MONTHLY: rows=41508824 cols=59
GOLD.FACT_MEMBER_SPONSORSHIP_SPAN: rows=2201695 cols=38
GOLD.FACT_MESSAGE_DISPATCH: rows=41935344 cols=51
GOLD.FACT_PAYMENT_METHOD_CHANGE: rows=1086969 cols=40
GOLD.FACT_RELATION_CHANGE: rows=197547 cols=13
GOLD.FACT_RELATION_DEV: rows=1145674 cols=16
GOLD.FACT_TARGET_MEMBER_DEV: rows=10677 cols=8
GOLD.FACT_TARGET_PROJECT: rows=2966 cols=19
SILVER.AGENCY_AD_BROADCAST: rows=50096 cols=27
SILVER.AGENCY_AD_BROADCAST_CASE: rows=0 cols=11
SILVER.AGENCY_AD_CREATIVE: rows=9695 cols=12
SILVER.AGENCY_AD_DIGITAL: rows=221079 cols=21
SILVER.AGENCY_AD_PERFORMANCE: rows=271175 cols=29
SILVER.AGENCY_AD_ROW_DGT: rows=221085 cols=50
SILVER.AGENCY_AD_ROW_REBRDC: rows=2104 cols=30
SILVER.AGENCY_AD_ROW_VIDEO: rows=47992 cols=46
SILVER.BIGQUERY_BASIC: rows=9264762 cols=51
SILVER.BIGQUERY_DEVICE: rows=745 cols=11
SILVER.BIGQUERY_EVENT: rows=9264762 cols=44
SILVER.BIGQUERY_EVENT_DIM: rows=45959 cols=9
SILVER.BIGQUERY_IDENTITY: rows=37074 cols=12
SILVER.BIGQUERY_REFINED_DATA: rows=9264762 cols=118
SILVER.BIGQUERY_TRAFFIC_SOURCE: rows=11918 cols=15
SILVER.CRM_BIZ_PLACE: rows=377 cols=21
SILVER.CRM_BIZ_TARGET: rows=5244 cols=21
SILVER.CRM_CAMPAIGN: rows=36768 cols=43
SILVER.CRM_CAMPAIGN_SPONSOR_BIZ_BRIDGE: rows=94716 cols=7
SILVER.CRM_CHILD: rows=508051 cols=18
SILVER.CRM_CODE: rows=5884 cols=14
SILVER.CRM_CODE_GROUP: rows=339 cols=13
SILVER.CRM_DEV_TARGET: rows=25344 cols=10
SILVER.CRM_EVENT: rows=3936 cols=25
SILVER.CRM_EVENT_PARTICIPATION: rows=1248727 cols=28
SILVER.CRM_INSTT_ACCOUNT: rows=237 cols=16
SILVER.CRM_MARKETING_CAMPAIGN: rows=590 cols=8
SILVER.CRM_MEMBER: rows=1785299 cols=35
SILVER.CRM_MEMBER_AMT_CHANGE: rows=331440 cols=19
SILVER.CRM_MEMBER_CONVERT_HIST: rows=7174 cols=7
SILVER.CRM_MEMBER_DEV: rows=3654658 cols=49
SILVER.CRM_MEMBER_DISCONTINUE: rows=1061430 cols=12
SILVER.CRM_MEMBER_RESPONSOR: rows=118198 cols=8
SILVER.CRM_MEMBER_SPONSOR_BIZ: rows=2201801 cols=11
SILVER.CRM_MEMBER_SPONSOR_SPAN: rows=2201695 cols=17
SILVER.CRM_MEMBER_STATUS_HIST: rows=7644142 cols=13
SILVER.CRM_MKTNG_CODE: rows=967 cols=14
SILVER.CRM_MSG_TEMPLATE: rows=7011 cols=27
SILVER.CRM_MSG_TEMPLATE_BUTTON: rows=5644 cols=15
SILVER.CRM_ORG: rows=1314 cols=13
SILVER.CRM_PAYMENT_BILLING: rows=49346790 cols=35
SILVER.CRM_PAYMENT_METHOD: rows=2588966 cols=31
SILVER.CRM_PAYMENT_METHOD_HIST: rows=1086969 cols=40
SILVER.CRM_RELATION_ACTIVITY: rows=398630 cols=25
SILVER.CRM_RELATION_CHANGE: rows=197547 cols=12
SILVER.CRM_RELATION_DEV: rows=1145674 cols=16
SILVER.CRM_SEND_MEMBER: rows=41935344 cols=30
SILVER.CRM_SEND_MEMBER_LINK_LOG: rows=256 cols=15
SILVER.CRM_SEND_MEMBER_OPEN_LOG: rows=508099 cols=10
SILVER.CRM_SEND_REQUEST: rows=1722090 cols=36
SILVER.CRM_SEND_RESULT: rows=1719404 cols=18
SILVER.CRM_SETLE_CMPNY_ACCOUNT: rows=51 cols=15
SILVER.CRM_SPONSORSHIP: rows=50 cols=12
SILVER.CRM_SPONSOR_RELATION: rows=869027 cols=14
SILVER.ERP_BUDGET: rows=3096 cols=18
SILVER.ERP_BUDGET_ITEM: rows=179 cols=16
SILVER.ERP_BUDGET_YEARLY: rows=258 cols=12
SILVER.IDENTITY_MEMBER_XREF: rows=37074 cols=14
WROTE /tmp/census.json
