AGENT_MEMBER_01 ok=True  22.1s B=  48042 sql=True sv=SV_DEV_ACHIEVEMENT,SV_MEMBER_COHORT,SV_MEMBER_EVENT,SV_MEMBE tab=DIM_DATE,DIM_MEMBER_ACQUISITION,DIM_ORG,FACT_MEMBER_EVENT,SV_MEMBER_EV err=[]
AGENT_MEMBER_02 ok=True  32.2s B=  52113 sql=True sv=SV_DEV_ACHIEVEMENT,SV_MEMBER_COHORT,SV_MEMBER_EVENT,SV_MEMBE tab=DIM_DATE,DIM_MEMBER_ACQUISITION,FACT_MEMBER_EVENT,SV_MEMBER_EVENT err=[]
AGENT_MEMBER_03 ok=True  48.0s B=  67531 sql=True sv=SV_DEV_ACHIEVEMENT,SV_MEMBER_COHORT,SV_MEMBER_EVENT,SV_MEMBE tab=DIM_DATE,DIM_MEMBER_ACQUISITION,DIM_ORG,FACT_MEMBER_EVENT,SV_MEMBER_EV err=[]
AGENT_MEMBER_04 ok=True  66.4s B=  56390 sql=True sv=SV_AD,SV_MEMBER_COHORT,SV_MEMBER_EVENT,SV_MEMBER_FEE,SV_MEMB tab=FACT_MEMBER_FEE,SV_MEMBER_FEE,WIDE_MEMBER_FEE err=[]
AGENT_MEMBER_05 ok=True  47.3s B=  41158 sql=True sv=SV_MEMBER_EVENT,SV_MEMBER_FEE,SV_MEMBER_MONTHLY,SV_MEMBER_SP tab=DIM_MONTH,FACT_MEMBER_MONTHLY,SV_MEMBER_MONTHLY err=[]
AGENT_MEMBER_06 ok=True  50.5s B=  54990 sql=True sv=SV_DEV_ACHIEVEMENT,SV_MEMBER_COHORT,SV_MEMBER_EVENT,SV_MEMBE tab=DIM_DATE,DIM_MEMBER_ACQUISITION,FACT_MEMBER_EVENT,SV_MEMBER_EVENT err=[]
AGENT_MEMBER_07 ok=True  35.3s B=  49005 sql=True sv=SV_DEV_ACHIEVEMENT,SV_MEMBER_COHORT,SV_MEMBER_EVENT,SV_MEMBE tab=DIM_DATE,DIM_MEMBER_ACQUISITION,FACT_MEMBER_EVENT,SV_MEMBER_EVENT err=[]
AGENT_MEMBER_08 ok=True  48.1s B=  59606 sql=True sv=SV_DEV_ACHIEVEMENT,SV_MEMBER_COHORT,SV_MEMBER_EVENT,SV_MEMBE tab=DIM_DATE,DIM_MEMBER_ACQUISITION,FACT_MEMBER_EVENT,SV_MEMBER_EVENT err=[]
AGENT_MEMBER_09 ok=True  54.6s B=  71163 sql=True sv=SV_MEMBER_COHORT,SV_MEMBER_EVENT,SV_MEMBER_FEE,SV_MEMBER_MON tab=FACT_MEMBER_COHORT,FACT_MEMBER_EVENT,SV_MEMBER_COHORT err=[]
AGENT_MEMBER_10 ok=True  66.4s B= 146534 sql=True sv=SV_DEV_ACHIEVEMENT,SV_MEMBER_EVENT,SV_MEMBER_FEE tab=FACT_MEMBER_DEV_ACHIEVEMENT,FACT_TARGET_MEMBER_DEV,SV_DEV_ACHIEVEMENT err=[]
AGENT_MEMBER_11 ok=True  31.1s B=  32407 sql=True sv=SV_MEMBER_MONTHLY,SV_MEMBER_SPONSOR_BIZ tab=DIM_CAMPAIGN,DIM_SPONSORSHIP,FACT_MEMBER_SPONSORSHIP_SPAN,SV_MEMBER_SP err=[]
AGENT_MEMBER_12 ok=True  73.1s B=  78815 sql=True sv=SV_SERVICE tab=DIM_DATE,DIM_SERVICE,FACT_MESSAGE_DISPATCH,SV_SERVICE err=[]
AGENT_MEMBER_13 ok=True  30.7s B=  38264 sql=True sv=SV_MEMBER_EVENT,SV_MEMBER_FEE,SV_MEMBER_MONTHLY,SV_MEMBER_SP tab=DIM_MONTH,FACT_MEMBER_MONTHLY,SV_MEMBER_MONTHLY err=[]
AGENT_MEMBER_14 ok=True  28.6s B=  41402 sql=True sv=SV_SERVICE tab=DIM_DATE,FACT_MESSAGE_DISPATCH,SV_SERVICE err=[]
AGENT_MEMBER_15 ok=True  44.1s B=  79311 sql=True sv=SV_EVENT_PARTICIPATION tab=FACT_EVENT_ATTENDANCE,SV_EVENT_PARTICIPATION err=[]
AGENT_MEMBER_16 ok=True  32.8s B=  30887 sql=True sv=SV_MEMBER_EVENT,SV_MEMBER_FEE,SV_MEMBER_MONTHLY,SV_ML_MEMBER tab=ML_MEMBER_RISK_V,SV_ML_MEMBER_RISK err=['failed to read file: file \\']
AGENT_MEMBER_17 ok=True  27.9s B=  27915 sql=True sv=SV_ML_ONCE_CONVERSION tab=ML_ONCE_CONVERSION_V,SV_ML_ONCE_CONVERSION err=[]
AGENT_MEMBER_18 ok=True  20.3s B=   1756 sql=False sv= tab=ML_FEE_FORECAST_V,WIDE_MEMBER_FEE err=[]
AGENT_MARKETING_01 ok=True  58.8s B= 144533 sql=True sv=SV_DEV_ACHIEVEMENT,SV_MEMBER_EVENT,SV_MEMBER_FEE tab=FACT_MEMBER_DEV_ACHIEVEMENT,FACT_TARGET_MEMBER_DEV,SV_DEV_ACHIEVEMENT err=[]
AGENT_MARKETING_02 ok=True  51.0s B=  37880 sql=True sv=SV_AD,SV_BUDGET tab=DIM_BUDGET_ITEM,FACT_BUDGET,FACT_BUDGET_YEARLY,SV_BUDGET err=[]
AGENT_MARKETING_03 ok=True  58.8s B=  43822 sql=True sv=SV_AD,SV_BUDGET,SV_MEMBER_EVENT tab=DIM_DATE,SV_AD,WIDE_AD_COMBINED err=[]
AGENT_MARKETING_04 ok=True  46.9s B=  47802 sql=True sv=SV_AD,SV_BUDGET,SV_MEMBER_EVENT tab=DIM_DATE,SV_AD,WIDE_AD_COMBINED err=[]
AGENT_MARKETING_05 ok=True  38.3s B=  43671 sql=True sv=SV_AD,SV_BUDGET,SV_MEMBER_EVENT tab=DIM_DATE,SV_AD,WIDE_AD_COMBINED err=[]
AGENT_MARKETING_06 ok=True  45.2s B=  40586 sql=True sv=SV_AD,SV_BUDGET,SV_MEMBER_EVENT tab=DIM_DATE,SV_AD,WIDE_AD_COMBINED err=[]
AGENT_MARKETING_07 ok=True  64.9s B=  47461 sql=True sv=SV_AD,SV_BUDGET,SV_MEMBER_EVENT tab=DIM_DATE,DIM_MARKETING_CAMPAIGN,SV_AD,WIDE_AD_COMBINED err=["SQL compilation error: error line 29 at position 2\\ninvalid identifier '__AD.MARKETING_CAMPAIGN'"]
AGENT_MARKETING_08 ok=True  53.3s B=  58842 sql=True sv=SV_DEV_ACHIEVEMENT,SV_MEMBER_COHORT,SV_MEMBER_EVENT,SV_MEMBE tab=DIM_CAMPAIGN,DIM_DATE,DIM_MEMBER_ACQUISITION,FACT_MEMBER_EVENT,SV_MEMB err=[]
AGENT_MARKETING_09 ok=True  48.3s B=  70680 sql=True sv=SV_AD,SV_MEMBER_COHORT,SV_MEMBER_EVENT,SV_MEMBER_FEE,SV_MEMB tab=DIM_CAMPAIGN,FACT_MEMBER_COHORT,FACT_MEMBER_EVENT,FACT_MEMBER_FEE,SV_M err=[]
AGENT_MARKETING_10 ok=True  15.8s B=   1683 sql=False sv= tab=FACT_MEMBER_EVENT err=[]
AGENT_MARKETING_11 ok=True  27.3s B=  31626 sql=True sv=SV_MEMBER_MONTHLY,SV_MEMBER_SPONSOR_BIZ tab=DIM_CAMPAIGN,DIM_SPONSORSHIP,FACT_MEMBER_SPONSORSHIP_SPAN,SV_MEMBER_SP err=[]
AGENT_EXECUTIVE_01 ok=True  52.4s B=  35593 sql=True sv=SV_AD,SV_BUDGET tab=DIM_BUDGET_ITEM,DIM_MONTH,FACT_BUDGET,FACT_BUDGET_YEARLY,SV_BUDGET err=[]
AGENT_EXECUTIVE_02 ok=True  63.0s B=  83732 sql=True sv=SV_AD,SV_BUDGET,SV_MEMBER_EVENT tab=DIM_DATE,SV_AD,WIDE_AD_COMBINED err=[]
AGENT_EXECUTIVE_03 ok=True  35.8s B=  39935 sql=True sv=SV_MEMBER_EVENT,SV_MEMBER_FEE,SV_MEMBER_MONTHLY,SV_MEMBER_SP tab=DIM_MONTH,FACT_MEMBER_MONTHLY,SV_MEMBER_MONTHLY err=[]
AGENT_EXECUTIVE_04 ok=True  29.7s B=  47673 sql=True sv=SV_SERVICE tab=DIM_DATE,DIM_SERVICE,FACT_MESSAGE_DISPATCH,SV_SERVICE err=[]
AGENT_EXECUTIVE_05 ok=True  24.3s B=  35562 sql=True sv=SV_ML_DVLP_FORECAST tab=ML_DVLP_FORECAST_V,SV_ML_DVLP_FORECAST err=[]
AGENT_EXECUTIVE_06 ok=True  29.1s B=  27399 sql=True sv=SV_ML_DVLP_FORECAST tab=ML_DVLP_FORECAST_V,SV_ML_DVLP_FORECAST err=[]
AGENT_EXECUTIVE_07 ok=True  30.8s B=  28850 sql=True sv=SV_ML_LTV_FORECAST,SV_ML_LTV_SCORE tab=ML_LTV_SCORE_V,SV_ML_LTV_SCORE err=[]
AGENT_EXECUTIVE_08 ok=True  24.5s B=  25191 sql=True sv=SV_ML_LTV_FORECAST,SV_ML_LTV_SCORE tab=ML_LTV_SCORE_V,SV_ML_LTV_SCORE err=[]
AGENT_EXECUTIVE_09 ok=True  30.8s B=  26764 sql=True sv=SV_ML_FEATURE_IMPORTANCE tab=ML_FEATURE_IMPORTANCE_V,SV_ML_FEATURE_IMPORTANCE err=[]
AGENT_EXECUTIVE_10 ok=True  16.3s B=   1444 sql=False sv= tab=ML_DVLP_FORECAST_V err=[]

총 39문항 · 호출성공 39 · SQL생성 36 · 실패 0
  🔴 중간 오류 AGENT_MARKETING_07: SQL compilation error: error line 29 at position 2\ninvalid identifier '__AD.MARKETING_CAMPAIGN'
① 최종 응답 실패 0 ⇒ 🟢 · ② 중간 오류 1 (기준선 1 이하) ⇒ 🟢 ⇒ 🟢 PASS
