문항 36 · 호출 38
Q01_AGENT_MEMBER ok=True 250.9s tools=analyst_member_cohort,analyst_member_event,analyst_ml_sponsor_risk,data_to_chart
Q02_AGENT_MEMBER ok=True 85.6s tools=analyst_ml_member_risk,data_to_chart
Q03_AGENT_MEMBER ok=True 72.3s tools=analyst_dvlp_goal_acmslt,analyst_mbrfee_prdt_actl,analyst_member_fee
Q04_AGENT_MEMBER ok=True 210.0s tools=analyst_mbrfee_prdt_actl,analyst_member_event,analyst_member_fee,data_to_chart
Q05_AGENT_MEMBER ok=True 142.2s tools=analyst_mbrfee_prdt_actl,data_to_chart
Q06_AGENT_MEMBER ok=True 91.4s tools=analyst_mbrfee_prdt_actl,analyst_member_monthly
Q07_AGENT_MEMBER ok=True 304.3s tools=analyst_member_cohort,analyst_member_fee,analyst_member_sponsor_biz,analyst_ml_f
Q08_AGENT_MEMBER ok=True 172.0s tools=analyst_member_event,analyst_ml_member_risk,data_to_chart
Q09_AGENT_MEMBER ok=True 191.9s tools=analyst_member_fee,analyst_member_monthly,analyst_ml_member_risk,data_to_chart
Q10A_AGENT_MEMBER ok=True 38.4s tools=analyst_member_event
Q10B_AGENT_MEMBER ok=True 32.9s tools=analyst_member_event
Q11A_AGENT_MEMBER ok=True 45.2s tools=analyst_member_event
Q11B_AGENT_MEMBER ok=True 34.4s tools=analyst_member_event
Q12A_AGENT_MEMBER ok=True 45.5s tools=analyst_dvlp_goal_acmslt
Q12B_AGENT_MEMBER ok=True 47.9s tools=analyst_dvlp_goal_acmslt
Q13_AGENT_MARKETING ok=True 32.8s tools=analyst_ml_dvlp_forecast
Q14_AGENT_MARKETING ok=True 61.1s tools=analyst_member_event,analyst_ml_dvlp_forecast
Q15_AGENT_MARKETING ok=True 45.0s tools=analyst_ml_dvlp_forecast
Q16_AGENT_MARKETING ok=True 51.6s tools=analyst_ml_dvlp_forecast,data_to_chart
Q17_AGENT_MARKETING ok=True 26.3s tools=
Q18_AGENT_MARKETING ok=True 132.1s tools=analyst_dev_achievement,analyst_member_event,data_to_chart
Q19_AGENT_MARKETING ok=True 100.7s tools=analyst_ad
Q20_AGENT_MARKETING ok=True 86.8s tools=analyst_ad,data_to_chart
Q21_AGENT_MARKETING ok=True 91.9s tools=analyst_ad,data_to_chart
Q22_AGENT_MARKETING ok=True 73.3s tools=analyst_member_event,data_to_chart
Q23_AGENT_MARKETING ok=True 39.5s tools=
Q24_AGENT_MARKETING ok=True 24.9s tools=
Q25_AGENT_MARKETING ok=True 29.1s tools=
Q26_AGENT_MARKETING ok=True 44.0s tools=analyst_ad
Q27_AGENT_MARKETING ok=True 79.6s tools=analyst_ad
Q28_AGENT_MARKETING ok=True 46.1s tools=analyst_ml_member_risk
Q29_AGENT_MARKETING ok=True 110.4s tools=analyst_member_cohort,analyst_member_fee
Q29_AGENT_EXECUTIVE ok=True 44.7s tools=analyst_ml_ltv_forecast,data_to_chart
Q30_AGENT_MARKETING ok=True 23.3s tools=
Q31_AGENT_MARKETING ok=True 72.5s tools=analyst_member_cohort,analyst_member_fee
Q31_AGENT_EXECUTIVE ok=True 38.9s tools=analyst_ml_ltv_forecast,data_to_chart
Q32_AGENT_MARKETING ok=True 31.8s tools=analyst_ml_member_risk
Q33_AGENT_MARKETING ok=True 57.8s tools=analyst_member_cohort,data_to_chart
완료 · 성공 38/38
