==============================================================================
산출물 생성기 회귀 테스트 — 99_NEXT_SESSION §2-A·§2-B
==============================================================================
[G] 골든 대조 — 30_output_share/{04,05,06,08,09} + 산출물별 측정일·기대목록
  PASS  G.artifacts-readable — 산출물 5종 전부 읽힘
  PASS  G.golden-match — 31개 지표 일치 (골든 2026-10-07)
[T5] 산출물 축 — 기대 목록 · 측정일 · 신선도 (O65)
  PASS  T5.manifest — 기대 산출물 17종 전부 존재(`02` 는 수기·아카이브 전용으로 의도적 제외)
  PASS  T5.measured-parsable — 8종 전부 측정일 보유 · 판본 3종(2026-08-11 · 2026-10-02 · 2026-10-07) ⚠️ 혼재 — 인용 시 산출물별 측정일을 밝힐 것
  PASS  T5.freshness — ⚪ 미측정 — `/tmp/schema.json` 없음(먼저 `dump_schema.py`). 🔴 미측정을 통과로 읽지 말 것
[T1] 앵커 동점 — 삽입 순서 독립 (O47-B)
  PASS  T1.tie-deterministic — 200회 순서 셔플 동일 · 경합 노출 FACT_GA_BEHAVIOR / FACT_MEMBER_MONTHLY / FACT_SERVICE_EVENT
  PASS  T1.clear-winner — 비동점 = 최다 hit · 경합 미노출
  PASS  T1.section-uniform — 29섹션 전부 앵커 단일
[T2] 라벨 사전 — 수기 문서 주석 오염 (P98)
  PASS  T2.marker-guard — 상태 마커 주석 7종 전부 라벨 아님
  PASS  T2.normal-label — 정상 라벨 파싱 유지
  PASS  T2.no-unreachable-label — 엔트리 328 · 색인 311 · 도달불가 0건
  PASS  T2.desc-cells-frozen — 설명 셀(라벨 아님) 58건 — 골든이 이 수를 고정한다
  PASS  T2.first-wins-visible — 라벨 충돌 14건 (색인은 문서 순서 first-wins — 골든이 이 수를 고정한다)
[T3] 문자열 계약 — 'SV metric' 접두 (P92)
  PASS  T3.constant — SV_METRIC_PREFIX = 'SV metric'
  PASS  T3.consumer-uses-constant — judge() 가 상수로 판정
  PASS  T3.producer-emits — 05 생성기 emit 13곳
  PASS  T3.artifact-05 — 지표 215행 · 배속 SV ⟺ 접두 완전 일치
  PASS  T3.artifact-09 — 507행 접두 ⟺ SV파생 완전 일치
[T4] 절차 강제 — 불가·경합 근거에 식별자 열거 (P97·P100)
  PASS  T4.evidence-has-identifier — 불가·경합 88행 전부 식별자 열거
  PASS  T4.tie-lists-all-facts — 경합 34행 전부 경합 팩트 전량 명시
  PASS  T4.agg-has-prescription — 집계필요 3행 전부 처방 서술 있음
------------------------------------------------------------------------------
PASS 21 · FAIL 0
------------------------------------------------------------------------------
