E1.json  PASS     표=1 영문헤더=[]
          ['예산연도', '예산절차', '연 편성예산(원)', '연 집행예산(원)', '연 집행율(%)']
K3.json  PASS     표=1 영문헤더=[]
          ['월', '광고비(원)', '디지털 광고비(원)', '노출수']
Q3.json  PASS     표=4 영문헤더=[]
          ['수신연도', '회원수(명)', '평균 후원유지기간(일)', '평균 이벤트 참여횟수(회)', '이벤트 참여율(%)']
          ['수신연도', '회원수(명)', '평균 후원유지기간(일)', '평균 이벤트 참여횟수(회)', '이벤트 참여율(%)']
Q4.json  PASS     표=2 영문헤더=[]
          ['캠페인카테고리', '납입회비(원)', '납입 회원수(명)']
          ['예측연월', '예측 납입회비(원)', '예측 하한(원)', '예측 상한(원)']
R03.json PASS     표=1 영문헤더=[]
          ['월', '조정 회비(원)', '개발건수(건)', '중단건수(건)']
R04.json PASS     표=1 영문헤더=[]
          ['월', '월 조정회비(원)']
R07.json PASS     표=2 영문헤더=[]
          ['세부캠페인', '월', '납입회비(원)', '청구액(원)', '납부율(%)']
          ['세부캠페인', '7월 추세 참고치(직전 3개월 평균·원)', '1월(원)', '6월(원)', '1→6월 증감(원)', '1-6월 평균 납부율(%)']
R09.json PASS     표=2 영문헤더=[]
          ['장기회원 등급', '모델 충성분류 회원수(명)', '평균 충성확률']
          ['구분', '값']
R11.json PASS     표=4 영문헤더=[]
          ['중단사유', '5일 내 중단 회원수(명)']
          ['연령대', '5일 내 중단 회원수(명)']
S1.json  PASS     표=1 영문헤더=[]
          ['부서', '개발(건)', '개발(명)', '후원금액(원)']
{'PASS': 10, 'FAIL': 0, 'NO_TABLE': 0}
