========================================================================
중복 보유 SV 16종 / 전체 참조 SV 28종 · 도구 45건
  · SV_AD: AGENT_EXECUTIVE/analyst_ad + AGENT_MARKETING/analyst_ad
  · SV_BUDGET: AGENT_EXECUTIVE/analyst_budget + AGENT_MARKETING/analyst_budget
  · SV_BUDGET_YEARLY: AGENT_EXECUTIVE/analyst_budget_yearly + AGENT_MARKETING/analyst_budget_yearly
  · SV_DEV_ACHIEVEMENT: AGENT_MARKETING/analyst_dev_achievement + AGENT_MEMBER/analyst_dev_achievement
  · SV_MEMBER_COHORT: AGENT_MARKETING/analyst_member_cohort + AGENT_MEMBER/analyst_member_cohort
  · SV_MEMBER_EVENT: AGENT_MARKETING/analyst_member_event + AGENT_MEMBER/analyst_member_event
  · SV_MEMBER_FEE: AGENT_MARKETING/analyst_member_fee + AGENT_MEMBER/analyst_member_fee
  · SV_MEMBER_MONTHLY: AGENT_EXECUTIVE/analyst_member_monthly + AGENT_MEMBER/analyst_member_monthly
  · SV_MEMBER_SPONSOR_BIZ: AGENT_MARKETING/analyst_member_sponsor_biz + AGENT_MEMBER/analyst_member_sponsor_biz
  · SV_ML_DVLP_FORECAST: AGENT_EXECUTIVE/analyst_ml_dvlp_forecast + AGENT_MARKETING/analyst_ml_dvlp_forecast
  · SV_ML_FEATURE_IMPORTANCE: AGENT_EXECUTIVE/analyst_ml_feature_importance + AGENT_MARKETING/analyst_ml_feature_importance + AGENT_MEMBER/analyst_ml_feature_importance
  · SV_ML_LTV_FORECAST: AGENT_EXECUTIVE/analyst_ml_ltv_forecast + AGENT_MARKETING/analyst_ml_ltv_forecast
  · SV_ML_MEMBER_RISK: AGENT_MARKETING/analyst_ml_member_risk + AGENT_MEMBER/analyst_ml_member_risk
  · SV_ML_ONCE_CONVERSION: AGENT_MARKETING/analyst_ml_once_conversion + AGENT_MEMBER/analyst_ml_once_conversion
  · SV_SERVICE: AGENT_EXECUTIVE/analyst_service + AGENT_MEMBER/analyst_service
  · SV_TARGET_BIZ: AGENT_EXECUTIVE/analyst_target_biz + AGENT_MARKETING/analyst_target_biz
========================================================================
① 가불가 모순 (blocking)
========================================================================
  양쪽이 태도를 밝힌 (SV×개념) 쌍 7건 검사
========================================================================
② 문안 이격 (advisory)
========================================================================
  임계 0.45 미달 2건
    · ② SV_ML_FEATURE_IMPORTANCE 유사도 0.394 — AGENT_EXECUTIVE/analyst_ml_feature_importance ↔ AGENT_MARKETING/analyst_ml_feature_importance
    · ② SV_ML_LTV_FORECAST 유사도 0.431 — AGENT_EXECUTIVE/analyst_ml_ltv_forecast ↔ AGENT_MARKETING/analyst_ml_ltv_forecast
========================================================================
③ 스펙 description 규칙7 수치 혼입 (blocking · O119-B 신설)
========================================================================
  검사 45건 · 위반 0건
========================================================================
🟢 PASS — 가불가 모순 0건 · 스펙 규칙7 수치 혼입 0건
