pairs 63
('Q01', 'AGENT_MEMBER', 'ok')
('Q02', 'AGENT_MEMBER', 'ok')
('Q03', 'AGENT_MEMBER', 'ok')
('Q04', 'AGENT_MEMBER', 'ok')
('Q05', 'AGENT_MEMBER', 'ok')
('Q06', 'AGENT_MEMBER', 'ok')
('Q07', 'AGENT_MEMBER', 'ok')
('Q08', 'AGENT_MEMBER', 'ok')
('Q09', 'AGENT_MEMBER', 'ok')
('Q10', 'AGENT_EXECUTIVE', 'ok')
('Q10', 'AGENT_MEMBER', 'ok')
('Q11', 'AGENT_EXECUTIVE', 'ok')
('Q11', 'AGENT_MEMBER', 'ok')
('Q12', 'AGENT_EXECUTIVE', 'ok')
('Q12', 'AGENT_MEMBER', 'ok')
('Q13', 'AGENT_EXECUTIVE', 'ok')
('Q13', 'AGENT_MARKETING', 'ok')
('Q14', 'AGENT_EXECUTIVE', 'ok')
('Q14', 'AGENT_MARKETING', 'ok')
('Q15', 'AGENT_EXECUTIVE', 'ok')
('Q15', 'AGENT_MARKETING', 'ok')
('Q16', 'AGENT_EXECUTIVE', 'ok')
('Q16', 'AGENT_MARKETING', 'ok')
('Q17', 'AGENT_MARKETING', 'ok')
('Q18', 'AGENT_EXECUTIVE', 'ok')
('Q18', 'AGENT_MARKETING', 'ok')
('Q19', 'AGENT_MARKETING', 'ok')
('Q20', 'AGENT_MARKETING', 'ok')
('Q21', 'AGENT_MARKETING', 'ok')
('Q22', 'AGENT_MARKETING', 'ok')
('Q23', 'AGENT_MARKETING', 'ok')
('Q24', 'AGENT_MARKETING', 'ok')
('Q25', 'AGENT_MARKETING', 'ok')
('Q26', 'AGENT_MARKETING', 'ok')
('Q27', 'AGENT_MARKETING', 'ok')
('Q28', 'AGENT_MEMBER', 'ok')
('Q28', 'AGENT_MARKETING', 'ok')
('Q29', 'AGENT_MARKETING', 'ok')
('Q30', 'AGENT_MARKETING', 'ok')
('Q31', 'AGENT_MARKETING', 'ok')
('Q32', 'AGENT_MEMBER', 'ok')
('Q32', 'AGENT_MARKETING', 'ok')
('Q33', 'AGENT_MARKETING', 'ok')
('R10', 'AGENT_MEMBER', 'ok')
('R11', 'AGENT_MEMBER', 'ok')
('R12', 'AGENT_MEMBER', 'ok')
('R13', 'AGENT_MEMBER', 'ok')
('R14', 'AGENT_MEMBER', 'ok')
('R15', 'AGENT_MEMBER', 'ok')
('D1', 'AGENT_EXECUTIVE', 'ok')
('D1', 'AGENT_MEMBER', 'ok')
('D2', 'AGENT_EXECUTIVE', 'ok')
('D2', 'AGENT_MEMBER', 'ok')
('D3', 'AGENT_MEMBER', 'ok')
('D4', 'AGENT_EXECUTIVE', 'ok')
('D4', 'AGENT_MARKETING', 'ok')
('D5', 'AGENT_EXECUTIVE', 'ok')
('X1', 'AGENT_MEMBER', 'ok')
('X2', 'AGENT_MARKETING', 'ok')
('M1', 'AGENT_EXECUTIVE', 'ok')
('M1', 'AGENT_MEMBER', 'ok')
('M3', 'AGENT_EXECUTIVE', 'ok')
('M3', 'AGENT_MARKETING', 'ok')
