[결정 봉합 게이트] 결정 절 36개 스캔 · 인용처 분모 = 20_issue/*.md
  제외 = 01_세션이력, 30_설계_의사결정 (append-only 이력 · 결정 정본 자신)
  🆕 [O124] 판정 제외 축 = A 괄호스코프 · B 미확정절/표행 · C 적발표 · D 허브 · E 근거철 · F 세션귀속대괄호
  🟠 DEC-41 ▸ O8: 인용처 59건 · 봉합 21 · **미봉합 표행 2** · 서술문 36(참고)
       종결 선언 = > 🟢 이 절이 **정식 정본**이다. 이 결정으로 **`O8`(회원 다중후원 귀속 규칙)의 FMM 축이 닫힌다.**
       🟠 90_해소완료_로그-010.md:178  | ① | `O8` 행을 **종결 표기**로 갱신 | `20_현업확인_요청-002.md:121` · `-001.md:29` | 결정 났는데 **미결**로 남아 있다 |
       🟠 90_해소완료_로그-010.md:180  | ③ | §2 크로스워크 `O8` 행 갱신 | `20_issue/00_INDEX_이슈원장_조각/00_INDEX_이슈원장-006.md` | 미갱신 |
       ⚪ 00_INDEX_이슈원장-015.md:30  > **잔여 배포 이슈**: BLOCKING-3(해소) · **BLOCKING-4 🟢 9/9 배포완료**(WIDE view 9종 dbt view·[2026-0
       ⚪ 02_상태상세_대시보드_갱신형-008.md:10  ### ▣ `O8` 실측 6종 — 판정 근거
       ⚪ … 외 34건(서술문 · 조치 대상 아닐 수 있다)
  🟠 DEC-47 ▸ N-11: 인용처 8건 · 봉합 3 · **미봉합 표행 0** · 서술문 5(참고)
       종결 선언 = ㉠ 문서20 §N-11 회신 완료(`30_output_share/16_파이프라인 배선 수정.md` §1-5) ➔ ㉡ 확정 ➔ ㉢ SILVER `CRM_MEMBER_SPONSOR_SPAN` 및 GOL
       ⚪ 00_선택표.md:51  - 절: N-9. 🆕 🟢 **[2026-08-26 O102 / 2026-09-09 O150 회신 확정] `SV_MEMBER… · N-10. 🆕 🟢 **[202
       ⚪ 20_현업확인_요청-008.md:49  ### N-11. 🆕 🟢 **[2026-08-31 O127 / 2026-09-07 O141 회신 확정] `CONF-3` 월말활동회원 판정 — 「재후원 우세 (
       ⚪ … 외 3건(서술문 · 조치 대상 아닐 수 있다)

[관측] 판정에서 제외한 것 — 🔴 판정 건수가 아니다(위반으로 인용하지 마라)
  ⚪ 축A 2건 — 종결어와 **다른 괄호 스코프**에 있다(세션 라벨·다른 대상)
       · O96 ◂ ### 7-A. 🆕 **`DEC42` 결정 (2026-08-20 O96) — 연 grain 은 종결 · 월 grain 은 여전히 미결**
       · O96 ◂ > **거짓이었다.** `DEC42` 는 **O96 이 이미 사용**한 라벨이다(`FACT_BUDGET.PLAN_BUDGET_YEAR` 부분 종
  ⚪ 축B2 4건 — 종결어가 **표 행**에서 매칭됐다(선택지 비교표)
       · | `GOLD.FACT_MEMBER_MONTHLY` | `DEV_TYPE` · `NEW_FLAG` · `INCREASE_FLAG` · `REDONATE_FLAG` · `JOIN_D
       · | ② | **브릿지 정규화** | `SILVER` 에 캠페인×후원사업 브릿지를 신설(쉼표 분해)하고 관계 테스트를 **브릿지에** 부여한다 | 성분 76,761 · 고아 **0*
       · … 외 2건
  ⚪ 축C 6건 — 적발표 블록(그 표가 스스로 「stale 정본이 아니다」를 선언)
       · 90_해소완료_로그-009.md:67
       · 90_해소완료_로그-019.md:41
       · … 외 4건
  ⚪ 축D 1건 — 허브 본문(자동 생성물 · `--republish` 가 다시 쓴다)
       · 02_상태상세_대시보드_갱신형.md:46
  ⚪ 축E 3건 — 세션 근거철(정적 발행물 · 발행 후 갱신하지 않는다)
       · _o124_evidence.md (8줄)
       · _o170_evidence.md (1줄)
       · … 외 1건
  ⚪ 축E 1건 — 원장 §0 유형 = 정적(발행 후 갱신하지 않는다 · O144 정본 기반 판정)
       · _o118_sv_live_census.md (3줄)
  ⚪ 축F 1건 — **세션 귀속 대괄호** 안의 라벨 = 글쓴 주체이고 종결 대상이 아니다
       · O127 ◂ 🔴🔴 **[2026-08-31 O127-B] 이 절은 승계됐다 — 현행 종결 조건 정본은 §30-I 다.**
  🔴 이 축들의 근거 = `scripts/decision_closure_gate.py` 축A~축F 주석 +
     `20_issue/_o124_evidence.md` §E1 (원문 인용 + 좌표).

🟠 미봉합 인용처 2건 · 대상 2종 (경고 — blocking 아님)
 - 각 인용처마다 ㉠ 병기해 닫거나 ㉡ 열린 이유를 그 자리에 적어라.
 - 🔴 「의도적으로 열린 것」이면 그 사실을 인용처에 쓰면 이 경고가 근거를 갖는다.
