==============================================================
test_rename_stale_gate.py — 개명 잔여 게이트 음성 테스트
==============================================================

  🟢 축1 무자격 옛 이름 검출 — 검출=FACT_MEMBER_LIFECYCLE
  🟢 축2 병기 3형태 전건 통과(오탐 0) — 통과 3/3
  🟢 축3 개명 후 이름 오탐 0 — 오탐=없음
  🟢 축4 드리프트 0 이어도 검출(SV COMMENT 실물) — O155 가 이 형태를 라이브에서 적발했다
  🟢 축5 버킷 분류 14건 전건 일치 — 오분류=없음
  🟢 축6 증가=FAIL · 감소=통과 — rc 증가=1 · 감소=0 (현재 축1=0)
  🟢 축7 기준선 부재 = FAIL — rc=1
  🟢 축9 SCAN_DIRS 에 scripts/ 편입 — SCAN_DIRS=('30_output_share', '03_top-down_gold', '05_SV-Agent_ai', '10_dbt_pipeline', '04_silver_design', '20_issue', '99_NEXT_SESSION_조각', '00_guides', 'cortex_project', '60_repeat_어카운트시작', '02_GN_DW_building', 'scripts')
  🟢 축10 scripts/ 심은 옛 이름 검출 — 검출=1건
  🟢 축11 자기참조·픽스처 버킷 5건 전건 일치 — 오분류=없음
  🟢 축12-㉠ 개명 화살표는 게이트 자격(위반 아님) — 매치=DIM_GA_EVENT
  🟢 축12-㉡ 흐름 화살표는 자격이 아니다(위반으로 남는다) — 매치=FACT_TARGET_BIZ
  🟢 축12-㉢ 치환기가 개명 화살표 줄은 건드리지 않는다 — 치환=0
  🟢 축12-㉣ 치환기가 흐름 화살표 줄은 치환한다(2건) — 흐름=1 · FK=1
  🟢 축12-㉤ 콜론 병기 `구:` 는 자격이다 — 매치 1건
  🟢 축12-㉥ 타 객체와의 화살표는 면제하지 않는다 — 매치=FACT_TARGET_BIZ
  🟢 축8 CLI 크래시 0 — rc=0

--------------------------------------------------------------
🟢 축 17개 전건 통과
