AGENT_MEMBER_01 ok=True reuse=True sv=SV_DEV_ACHIEVEMENT,SV_MEMBER_COHORT,SV_MEMBER_EVENT,SV_MEMBE err=[]
AGENT_MEMBER_02 ok=True reuse=True sv=SV_DEV_ACHIEVEMENT,SV_MEMBER_COHORT,SV_MEMBER_EVENT,SV_MEMBE err=[]
AGENT_MEMBER_03 ok=True reuse=True sv=SV_DEV_ACHIEVEMENT,SV_MEMBER_COHORT,SV_MEMBER_EVENT,SV_MEMBE err=[]
AGENT_MEMBER_04 ok=True reuse=True sv=SV_AD,SV_MEMBER_COHORT,SV_MEMBER_EVENT,SV_MEMBER_FEE,SV_MEMB err=[]
AGENT_MEMBER_05 ok=True reuse=True sv=SV_MEMBER_COHORT,SV_MEMBER_EVENT,SV_MEMBER_FEE,SV_MEMBER_MON err=[]
AGENT_MEMBER_06 ok=True reuse=True sv=SV_DEV_ACHIEVEMENT,SV_MEMBER_COHORT,SV_MEMBER_EVENT,SV_MEMBE err=[]
AGENT_MEMBER_07 ok=True reuse=True sv=SV_DEV_ACHIEVEMENT,SV_MEMBER_COHORT,SV_MEMBER_EVENT,SV_MEMBE err=[]
AGENT_MEMBER_08 ok=True reuse=True sv=SV_DEV_ACHIEVEMENT,SV_MEMBER_COHORT,SV_MEMBER_EVENT,SV_MEMBE err=[]
AGENT_MEMBER_09 ok=True reuse=True sv=SV_MEMBER_COHORT,SV_MEMBER_EVENT,SV_MEMBER_FEE,SV_MEMBER_MON err=[]
AGENT_MEMBER_10 ok=True reuse=True sv=SV_DEV_ACHIEVEMENT,SV_MEMBER_EVENT,SV_MEMBER_FEE,SV_MSTR_SPN err=[]
AGENT_MEMBER_11 ok=True reuse=True sv=SV_MEMBER_MONTHLY,SV_MEMBER_SPONSOR_BIZ err=[]
AGENT_MEMBER_12 ok=True reuse=True sv=SV_SERVICE err=[]
AGENT_MEMBER_13 ok=True reuse=True sv=SV_MEMBER_COHORT,SV_MEMBER_EVENT,SV_MEMBER_FEE,SV_MEMBER_MON err=[]
AGENT_MEMBER_14 ok=True reuse=True sv=SV_SERVICE err=[]
AGENT_MEMBER_15 ok=True reuse=True sv=SV_EVENT_PARTICIPATION err=[]
AGENT_MEMBER_16 ok=True reuse=True sv=SV_MEMBER_EVENT,SV_MEMBER_FEE,SV_MEMBER_MONTHLY,SV_ML_MEMBER err=[]
AGENT_MEMBER_17 ok=True reuse=True sv=SV_ML_ONCE_CONVERSION err=[]
AGENT_MEMBER_18 ok=True reuse=True sv= err=[]
AGENT_MEMBER_19 ok=True reuse=True sv=SV_MEMBER_FEE,SV_MEMBER_MONTHLY,SV_PAYMENT_BILLING_STATUS err=[]
AGENT_MEMBER_20 ok=True reuse=True sv=SV_RELATION_ACTIVITY,SV_SERVICE err=[]
AGENT_MEMBER_21 ok=True reuse=True sv=SV_DEV_ACHIEVEMENT,SV_MEMBER_COHORT,SV_MEMBER_EVENT,SV_MEMBE err=[]
AGENT_MARKETING_01 ok=True reuse=True sv=SV_DEV_ACHIEVEMENT,SV_MEMBER_EVENT,SV_MEMBER_FEE,SV_MSTR_SPN err=[]
AGENT_MARKETING_02 ok=True reuse=True sv=SV_AD,SV_BUDGET,SV_BUDGET_YEARLY err=[]
AGENT_MARKETING_03 ok=True reuse=True sv=SV_AD,SV_BUDGET,SV_MEMBER_EVENT err=[]
AGENT_MARKETING_04 ok=True reuse=True sv=SV_AD,SV_BUDGET,SV_MEMBER_EVENT err=[]
AGENT_MARKETING_05 ok=True reuse=True sv=SV_AD,SV_BUDGET,SV_MEMBER_EVENT err=[]
AGENT_MARKETING_06 ok=True reuse=True sv=SV_AD,SV_BUDGET,SV_MEMBER_EVENT err=[]
AGENT_MARKETING_07 ok=True reuse=True sv=SV_AD,SV_BUDGET,SV_MEMBER_EVENT err=[]
AGENT_MARKETING_08 ok=True reuse=True sv=SV_DEV_ACHIEVEMENT,SV_MEMBER_COHORT,SV_MEMBER_EVENT,SV_MEMBE err=[]
AGENT_MARKETING_09 ok=True reuse=True sv=SV_AD,SV_MEMBER_COHORT,SV_MEMBER_EVENT,SV_MEMBER_FEE,SV_MEMB err=[]
AGENT_MARKETING_10 ok=True reuse=True sv= err=[]
AGENT_MARKETING_11 ok=True reuse=True sv=SV_MEMBER_MONTHLY,SV_MEMBER_SPONSOR_BIZ err=[]
AGENT_MARKETING_12 ok=True reuse=True sv=SV_GA_BEHAVIOR,SV_GA_DEMOGRAPHIC,SV_GA_SESSION,SV_SEARCH_CON err=[]
AGENT_MARKETING_13 ok=True reuse=False sv=SV_GA_SESSION,SV_SEARCH_CONSOLE err=[]
AGENT_MARKETING_14 ok=True reuse=False sv=SV_GA_DEMOGRAPHIC,SV_GA_SESSION err=["SQL compilation error: error line 9 at position 8\\ninvalid identifier 'CAL_YEAR'"]
AGENT_MARKETING_15 ok=True reuse=False sv=SV_GA_BEHAVIOR,SV_GA_DEMOGRAPHIC,SV_GA_SESSION,SV_SEARCH_CON err=[]
AGENT_EXECUTIVE_01 ok=True reuse=False sv=SV_AD,SV_BUDGET,SV_BUDGET_YEARLY err=[]
AGENT_EXECUTIVE_02 ok=True reuse=False sv=SV_AD,SV_BUDGET,SV_MEMBER_EVENT err=[]
AGENT_EXECUTIVE_03 ok=True reuse=False sv=SV_MEMBER_COHORT,SV_MEMBER_EVENT,SV_MEMBER_FEE,SV_MEMBER_MON err=[]
AGENT_EXECUTIVE_04 ok=True reuse=False sv=SV_SERVICE err=[]
AGENT_EXECUTIVE_05 ok=True reuse=False sv=SV_ML_DVLP_FORECAST err=[]
AGENT_EXECUTIVE_06 ok=True reuse=False sv=SV_ML_DVLP_FORECAST err=[]
AGENT_EXECUTIVE_07 ok=True reuse=False sv=SV_ML_LTV_FORECAST err=[]
AGENT_EXECUTIVE_08 ok=True reuse=False sv=SV_ML_LTV_FORECAST err=[]
AGENT_EXECUTIVE_09 ok=True reuse=False sv=SV_ML_FEATURE_IMPORTANCE err=[]
AGENT_EXECUTIVE_10 ok=True reuse=False sv= err=[]
AGENT_EXECUTIVE_11 ok=True reuse=False sv=SV_BUDGET,SV_BUDGET_YEARLY,SV_EXPENSE_RESOLUTION err=[]
AGENT_EXECUTIVE_12 ok=True reuse=False sv=SV_AD,SV_BUDGET,SV_MEMBER_EVENT err=[]
AGENT_EXECUTIVE_13 ok=True reuse=False sv=SV_BUDGET,SV_BUDGET_YEARLY err=[]

총 49문항 · 재사용 33 · 신규 호출 16 · 호출성공 49 · SQL생성 46
  🔴 중간 오류 AGENT_MARKETING_14: SQL compilation error: error line 9 at position 8\ninvalid identifier 'CAL_YEAR'
① 최종 응답 실패 0 ⇒ 🟢 · ② 중간 오류 1 (기준선 1 이하) ⇒ 🟢 ⇒ 🟢 PASS
