AGENT_MEMBER_01 ok=True  68.0s B=  43274 sql=True sv=SV_AD,SV_MEMBER_COHORT,SV_MEMBER_EVENT,SV_MEMBER_FEE,SV_MEMB tab=FACT_MEMBER_FEE,SV_MEMBER_FEE,WIDE_MEMBER_FEE err=[]
AGENT_MEMBER_02 ok=True  52.7s B=  65872 sql=True sv=SV_MEMBER_EVENT,SV_MEMBER_FEE,SV_MEMBER_MONTHLY,SV_MEMBER_SP tab=DIM_MONTH,FACT_MEMBER_MONTHLY,SV_MEMBER_MONTHLY err=["SQL compilation error: error line 16 at position 2\\ninvalid identifier 'F.PAYMENT_RATE_FEE'"]
AGENT_MEMBER_03 ok=True  69.7s B=  50636 sql=True sv=SV_DEV_ACHIEVEMENT,SV_MEMBER_COHORT,SV_MEMBER_EVENT,SV_MEMBE tab=DIM_DATE,FACT_MEMBER_EVENT,SV_MEMBER_EVENT err=["SQL compilation error: error line 16 at position 6\\ninvalid identifier 'FME.EVENT_DATE'"]
AGENT_MEMBER_04 ok=True  55.6s B=  47101 sql=True sv=SV_DEV_ACHIEVEMENT,SV_MEMBER_COHORT,SV_MEMBER_EVENT,SV_MEMBE tab=DIM_DATE,FACT_MEMBER_EVENT,SV_MEMBER_EVENT err=["SQL compilation error: error line 18 at position 6\\ninvalid identifier 'FME.TOTAL_DEV_CNT'"]
AGENT_MEMBER_05 ok=True  58.1s B=  56921 sql=True sv=SV_DEV_ACHIEVEMENT,SV_MEMBER_COHORT,SV_MEMBER_EVENT,SV_MEMBE tab=DIM_DATE,FACT_MEMBER_EVENT,SV_MEMBER_EVENT err=["SQL compilation error: error line 14 at position 8\\ninvalid identifier 'D.FULL_DATE'"]
AGENT_MEMBER_06 ok=True  49.0s B=  58481 sql=True sv=SV_MEMBER_COHORT,SV_MEMBER_EVENT,SV_MEMBER_FEE,SV_MEMBER_MON tab=FACT_MEMBER_COHORT,FACT_MEMBER_EVENT,SV_MEMBER_COHORT err=["SQL compilation error:\\nsyntax error line 11 at position 23 unexpected '주요'.\\nsyntax error line 14 at position 81 unexpected ')'."]
AGENT_MEMBER_07 ok=True  89.5s B= 148844 sql=True sv=SV_DEV_ACHIEVEMENT,SV_MEMBER_EVENT,SV_MEMBER_FEE tab=FACT_MEMBER_DEV_ACHIEVEMENT,FACT_TARGET_MEMBER_DEV,SV_DEV_ACHIEVEMENT err=["SQL compilation error:\\nsyntax error line 11 at position 25 unexpected '부서'.\\nsyntax error line 15 at position 97 unexpected ')'."]
AGENT_MEMBER_08 ok=True  57.4s B=  78961 sql=True sv=SV_MEMBER_MONTHLY,SV_MEMBER_SPONSOR_BIZ tab=DIM_CAMPAIGN,DIM_SPONSORSHIP,FACT_MEMBER_SPONSORSHIP_SPAN,SV_MEMBER_SP err=["SQL compilation error:\\nsyntax error line 13 at position 24 unexpected '후원'.\\nsyntax error line 14 at position 66 unexpected ')'."]
AGENT_MEMBER_09 ok=True  79.5s B=  56483 sql=True sv=SV_SERVICE tab=DIM_DATE,DIM_SERVICE,FACT_MESSAGE_DISPATCH,SV_SERVICE err=["SQL compilation error: error line 28 at position 6\\ninvalid identifier '__FSE.TOTAL_SEND_MEMBERS'"]
AGENT_MEMBER_10 ok=True  87.5s B=  54634 sql=True sv=SV_EVENT_PARTICIPATION tab=DIM_DATE,FACT_EVENT_ATTENDANCE,SV_EVENT_PARTICIPATION err=["SQL compilation error: error line 18 at position 2\\ninvalid identifier 'FEP.TOTAL_PARTICIPANTS'"]
AGENT_MEMBER_11 ok=True  51.7s B=  65939 sql=True sv=SV_MEMBER_EVENT,SV_MEMBER_FEE,SV_MEMBER_MONTHLY,SV_ML_MEMBER tab=ML_MEMBER_RISK_V,SV_ML_MEMBER_RISK err=[]
AGENT_MEMBER_12 ok=True  17.2s B=   1421 sql=False sv= tab= err=[]
AGENT_MARKETING_01 ok=True  64.1s B= 121419 sql=True sv=SV_DEV_ACHIEVEMENT,SV_MEMBER_EVENT,SV_MEMBER_FEE tab=FACT_MEMBER_DEV_ACHIEVEMENT,FACT_TARGET_MEMBER_DEV,SV_DEV_ACHIEVEMENT err=["SQL compilation error: error line 14 at position 2\\ninvalid identifier 'ACHV.TOTAL_GOAL_CNT'"]
AGENT_MARKETING_02 ok=True  95.9s B=  77181 sql=True sv=SV_AD,SV_BUDGET tab=DIM_BUDGET_ITEM,DIM_MONTH,FACT_BUDGET,FACT_BUDGET_YEARLY,SV_BUDGET err=["SQL compilation error: error line 17 at position 6\\ninvalid identifier 'F.TOTAL_PLAN_BUDGET'"]
AGENT_MARKETING_03 ok=True  51.7s B=  36696 sql=True sv=SV_AD,SV_BUDGET,SV_MEMBER_EVENT tab=DIM_DATE,SV_AD,WIDE_AD_COMBINED err=[]
AGENT_MARKETING_04 ok=True  66.5s B=  51774 sql=True sv=SV_AD,SV_BUDGET,SV_MEMBER_EVENT tab=DIM_DATE,SV_AD,WIDE_AD_COMBINED err=[]
AGENT_MARKETING_05 ok=True  35.2s B=  39917 sql=True sv=SV_AD,SV_BUDGET,SV_MEMBER_EVENT tab=DIM_DATE,SV_AD,WIDE_AD_COMBINED err=[]
AGENT_MARKETING_06 ok=True 675.7s B=  43591 sql=True sv=SV_AD,SV_BUDGET,SV_MEMBER_EVENT tab=DIM_DATE,SV_AD,WIDE_AD_COMBINED err=["SQL compilation error: error line 25 at position 6\\ninvalid identifier 'A.TOTAL_DVLP_CNT'"]
AGENT_MARKETING_07 ok=True  53.4s B=  40746 sql=True sv=SV_AD,SV_BUDGET,SV_MEMBER_EVENT tab=DIM_DATE,DIM_MARKETING_CAMPAIGN,SV_AD,WIDE_AD_COMBINED err=[]
AGENT_MARKETING_08 ok=True  85.9s B=  72435 sql=True sv=SV_DEV_ACHIEVEMENT,SV_MEMBER_COHORT,SV_MEMBER_EVENT,SV_MEMBE tab=DIM_CAMPAIGN,DIM_DATE,FACT_MEMBER_EVENT,SV_MEMBER_EVENT err=["SQL compilation error: error line 22 at position 28\\ninvalid identifier 'D.FULL_DATE'"]
AGENT_MARKETING_09 ok=True  67.9s B=  71377 sql=True sv=SV_AD,SV_MEMBER_COHORT,SV_MEMBER_EVENT,SV_MEMBER_FEE,SV_MEMB tab=DIM_CAMPAIGN,FACT_MEMBER_COHORT,FACT_MEMBER_EVENT,FACT_MEMBER_FEE,SV_M err=["SQL compilation error: error line 7 at position 2\\ninvalid identifier 'FEE.ACQ_CAMPAIGN_NAME'"]
AGENT_MARKETING_10 ok=True  14.7s B=   1470 sql=False sv= tab= err=[]
AGENT_MARKETING_11 ok=True  42.4s B=  38764 sql=True sv=SV_MEMBER_MONTHLY,SV_MEMBER_SPONSOR_BIZ tab=DIM_CAMPAIGN,DIM_SPONSORSHIP,FACT_MEMBER_SPONSORSHIP_SPAN,SV_MEMBER_SP err=["SQL compilation error:\\nsyntax error line 14 at position 23 unexpected '캠페'.\\nsyntax error line 22 at position 2 unexpected '지금'."]
AGENT_EXECUTIVE_01 ok=True  42.8s B=  29246 sql=True sv=SV_AD,SV_BUDGET tab=DIM_BUDGET_ITEM,FACT_BUDGET,FACT_BUDGET_YEARLY,SV_BUDGET err=[]
AGENT_EXECUTIVE_02 ok=True  59.4s B=  51270 sql=True sv=SV_AD,SV_BUDGET,SV_MEMBER_EVENT tab=DIM_DATE,SV_AD,WIDE_AD_COMBINED err=["SQL compilation error: error line 17 at position 2\\ninvalid identifier '__AD.TOTAL_AD_COST'"]
AGENT_EXECUTIVE_03 ok=True  42.3s B=  35319 sql=True sv=SV_MEMBER_EVENT,SV_MEMBER_FEE,SV_MEMBER_MONTHLY,SV_MEMBER_SP tab=DIM_MONTH,FACT_MEMBER_MONTHLY,SV_MEMBER_MONTHLY err=[]
AGENT_EXECUTIVE_04 ok=True  63.9s B=  78636 sql=True sv=SV_SERVICE tab=DIM_DATE,DIM_SERVICE,FACT_MESSAGE_DISPATCH,SV_SERVICE err=["SQL compilation error: error line 30 at position 6\\ninvalid identifier 'F.TOTAL_SEND_MEMBERS'"]
AGENT_EXECUTIVE_05 ok=True  71.3s B=  43152 sql=True sv=SV_ML_DVLP_FORECAST tab=ML_DVLP_FORECAST_V,SV_ML_DVLP_FORECAST err=["SQL compilation error: error line 19 at position 6\\ninvalid identifier 'DF.FORECAST_AMT'"]
AGENT_EXECUTIVE_06 ok=True  66.4s B=  43174 sql=True sv=SV_ML_DVLP_FORECAST tab=ML_DVLP_FORECAST_V,SV_ML_DVLP_FORECAST err=["SQL compilation error: error line 22 at position 6\\ninvalid identifier 'DF.FORECAST_AMT'"]
AGENT_EXECUTIVE_07 ok=True  35.6s B=  31225 sql=True sv=SV_ML_LTV_FORECAST,SV_ML_LTV_SCORE tab=ML_LTV_FORECAST_V,SV_ML_LTV_FORECAST err=[]
AGENT_EXECUTIVE_08 ok=True  50.4s B=  60682 sql=True sv=SV_ML_LTV_FORECAST,SV_ML_LTV_SCORE tab=ML_LTV_SCORE_V,SV_ML_LTV_SCORE err=["SQL compilation error: error line 11 at position 2\\ninvalid identifier 'LS.AVG_LTV'"]
AGENT_EXECUTIVE_09 ok=True  34.7s B=  29210 sql=True sv=SV_ML_FEATURE_IMPORTANCE tab=ML_FEATURE_IMPORTANCE_V,SV_ML_FEATURE_IMPORTANCE err=[]
AGENT_EXECUTIVE_10 ok=True  18.2s B=   1523 sql=False sv= tab= err=[]

총 33문항 · 호출성공 33 · SQL생성 30 · 실패 0
